

================================================================
== Vitis HLS Report for 'ImageRenderHLS'
================================================================
* Date:           Thu Jan 22 12:30:48 2026

* Version:        2024.2 (Build 5238294 on Nov  8 2024)
* Project:        ImageRenderHLS
* Solution:       solution (Vitis Kernel Flow Target)
* Product family: zynquplus
* Target device:  xck26-sfvc784-2LV-c


================================================================
== Performance Estimates
================================================================
+ Timing: 
    * Summary: 
    +--------+---------+----------+------------+
    |  Clock |  Target | Estimated| Uncertainty|
    +--------+---------+----------+------------+
    |ap_clk  |  5.00 ns|  4.055 ns|     1.35 ns|
    +--------+---------+----------+------------+

+ Latency: 
    * Summary: 
    +----------+-------------+-----------+------------+----------+-------------+---------+
    |    Latency (cycles)    |   Latency (absolute)   |        Interval        | Pipeline|
    |    min   |     max     |    min    |     max    |    min   |     max     |   Type  |
    +----------+-------------+-----------+------------+----------+-------------+---------+
    |  16289119|  12141346207|  81.446 ms|  60.707 sec|  16289120|  12141346208|       no|
    +----------+-------------+-----------+------------+----------+-------------+---------+

    + Detail: 
        * Instance: 
        +-------------------+--------+----------+-------------+-----------+------------+----------+-------------+---------+
        |                   |        |    Latency (cycles)    |   Latency (absolute)   |        Interval        | Pipeline|
        |      Instance     | Module |    min   |     max     |    min    |     max    |    min   |     max     |   Type  |
        +-------------------+--------+----------+-------------+-----------+------------+----------+-------------+---------+
        |grp_Render_fu_346  |Render  |  16289117|  12141346205|  81.446 ms|  60.707 sec|  16289117|  12141346205|       no|
        +-------------------+--------+----------+-------------+-----------+------------+----------+-------------+---------+

        * Loop: 
        N/A



================================================================
== Utilization Estimates
================================================================
* Summary: 
+-----------------+---------+------+--------+--------+-----+
|       Name      | BRAM_18K|  DSP |   FF   |   LUT  | URAM|
+-----------------+---------+------+--------+--------+-----+
|DSP              |        -|     -|       -|       -|    -|
|Expression       |        -|     -|       0|       2|    -|
|FIFO             |        -|     -|       -|       -|    -|
|Instance         |       55|   200|   39742|   45387|    0|
|Memory           |        -|     -|       -|       -|    -|
|Multiplexer      |        -|     -|       0|      92|    -|
|Register         |        -|     -|     968|       -|    -|
+-----------------+---------+------+--------+--------+-----+
|Total            |       55|   200|   40710|   45481|    0|
+-----------------+---------+------+--------+--------+-----+
|Available        |      288|  1248|  234240|  117120|   64|
+-----------------+---------+------+--------+--------+-----+
|Utilization (%)  |       19|    16|      17|      38|    0|
+-----------------+---------+------+--------+--------+-----+

+ Detail: 
    * Instance: 
    +-------------------+---------------+---------+-----+-------+-------+-----+
    |      Instance     |     Module    | BRAM_18K| DSP |   FF  |  LUT  | URAM|
    +-------------------+---------------+---------+-----+-------+-------+-----+
    |grp_Render_fu_346  |Render         |       49|  200|  36335|  41080|    0|
    |control_s_axi_U    |control_s_axi  |        0|    0|   1400|   2408|    0|
    |gmem0_m_axi_U      |gmem0_m_axi    |        2|    0|    671|    637|    0|
    |gmem1_m_axi_U      |gmem1_m_axi    |        2|    0|    671|    637|    0|
    |gmem5_m_axi_U      |gmem5_m_axi    |        2|    0|    665|    625|    0|
    +-------------------+---------------+---------+-----+-------+-------+-----+
    |Total              |               |       55|  200|  39742|  45387|    0|
    +-------------------+---------------+---------+-----+-------+-------+-----+

    * DSP: 
    N/A

    * Memory: 
    N/A

    * FIFO: 
    N/A

    * Expression: 
    +-----------------+----------+----+---+----+------------+------------+
    |  Variable Name  | Operation| DSP| FF| LUT| Bitwidth P0| Bitwidth P1|
    +-----------------+----------+----+---+----+------------+------------+
    |ap_block_state1  |        or|   0|  0|   2|           1|           1|
    +-----------------+----------+----+---+----+------------+------------+
    |Total            |          |   0|  0|   2|           1|           1|
    +-----------------+----------+----+---+----+------------+------------+

    * Multiplexer: 
    +-----------------+----+-----------+-----+-----------+
    |       Name      | LUT| Input Size| Bits| Total Bits|
    +-----------------+----+-----------+-----+-----------+
    |ap_NS_fsm        |  20|          4|    1|          4|
    |ap_done          |   9|          2|    1|          2|
    |gmem0_0_ARVALID  |   9|          2|    1|          2|
    |gmem0_0_RREADY   |   9|          2|    1|          2|
    |gmem1_0_ARVALID  |   9|          2|    1|          2|
    |gmem1_0_RREADY   |   9|          2|    1|          2|
    |gmem5_0_AWVALID  |   9|          2|    1|          2|
    |gmem5_0_BREADY   |   9|          2|    1|          2|
    |gmem5_0_WVALID   |   9|          2|    1|          2|
    +-----------------+----+-----------+-----+-----------+
    |Total            |  92|         20|    9|         20|
    +-----------------+----+-----------+-----+-----------+

    * Register: 
    +---------------------------------------+----+----+-----+-----------+
    |                  Name                 | FF | LUT| Bits| Const Bits|
    +---------------------------------------+----+----+-----+-----------+
    |ap_CS_fsm                              |   3|   0|    3|          0|
    |ap_done_reg                            |   1|   0|    1|          0|
    |ap_rst_n_inv                           |   1|   0|    1|          0|
    |ap_rst_reg_1                           |   1|   0|    1|          0|
    |ap_rst_reg_2                           |   1|   0|    1|          0|
    |cx_read_reg_399                        |  32|   0|   32|          0|
    |cy_read_reg_394                        |  32|   0|   32|          0|
    |diffuse_texture_data_ch1_read_reg_499  |  64|   0|   64|          0|
    |diffuse_texture_height_read_reg_464    |  32|   0|   32|          0|
    |diffuse_texture_offset_read_reg_494    |  32|   0|   32|          0|
    |diffuse_texture_width_read_reg_469     |  32|   0|   32|          0|
    |ebo_buffer_data_read_reg_504           |  64|   0|   64|          0|
    |ebo_buffer_size_read_reg_474           |  32|   0|   32|          0|
    |exp_a_read_reg_389                     |  32|   0|   32|          0|
    |exp_b_read_reg_384                     |  32|   0|   32|          0|
    |fx_read_reg_409                        |  32|   0|   32|          0|
    |fy_read_reg_404                        |  32|   0|   32|          0|
    |grp_Render_fu_346_ap_start_reg         |   1|   0|    1|          0|
    |out_nodata_value_read_reg_449          |  32|   0|   32|          0|
    |out_texture_data_read_reg_489          |  64|   0|   64|          0|
    |out_texture_height_read_reg_454        |  32|   0|   32|          0|
    |out_texture_offset_read_reg_484        |  32|   0|   32|          0|
    |out_texture_width_read_reg_459         |  32|   0|   32|          0|
    |q_w_read_reg_429                       |  32|   0|   32|          0|
    |q_x_read_reg_444                       |  32|   0|   32|          0|
    |q_y_read_reg_439                       |  32|   0|   32|          0|
    |q_z_read_reg_434                       |  32|   0|   32|          0|
    |t_x_read_reg_424                       |  32|   0|   32|          0|
    |t_y_read_reg_419                       |  32|   0|   32|          0|
    |t_z_read_reg_414                       |  32|   0|   32|          0|
    |vertex_buffer_data_read_reg_509        |  64|   0|   64|          0|
    |vertex_buffer_size_read_reg_479        |  32|   0|   32|          0|
    +---------------------------------------+----+----+-----+-----------+
    |Total                                  | 968|   0|  968|          0|
    +---------------------------------------+----+----+-----+-----------+



================================================================
== Interface
================================================================
* Summary: 
+-----------------------+-----+-----+---------------+----------------+--------------+
|       RTL Ports       | Dir | Bits|    Protocol   |  Source Object |    C Type    |
+-----------------------+-----+-----+---------------+----------------+--------------+
|s_axi_control_AWVALID  |   in|    1|          s_axi|         control|        scalar|
|s_axi_control_AWREADY  |  out|    1|          s_axi|         control|        scalar|
|s_axi_control_AWADDR   |   in|    9|          s_axi|         control|        scalar|
|s_axi_control_WVALID   |   in|    1|          s_axi|         control|        scalar|
|s_axi_control_WREADY   |  out|    1|          s_axi|         control|        scalar|
|s_axi_control_WDATA    |   in|   32|          s_axi|         control|        scalar|
|s_axi_control_WSTRB    |   in|    4|          s_axi|         control|        scalar|
|s_axi_control_ARVALID  |   in|    1|          s_axi|         control|        scalar|
|s_axi_control_ARREADY  |  out|    1|          s_axi|         control|        scalar|
|s_axi_control_ARADDR   |   in|    9|          s_axi|         control|        scalar|
|s_axi_control_RVALID   |  out|    1|          s_axi|         control|        scalar|
|s_axi_control_RREADY   |   in|    1|          s_axi|         control|        scalar|
|s_axi_control_RDATA    |  out|   32|          s_axi|         control|        scalar|
|s_axi_control_RRESP    |  out|    2|          s_axi|         control|        scalar|
|s_axi_control_BVALID   |  out|    1|          s_axi|         control|        scalar|
|s_axi_control_BREADY   |   in|    1|          s_axi|         control|        scalar|
|s_axi_control_BRESP    |  out|    2|          s_axi|         control|        scalar|
|ap_clk                 |   in|    1|  ap_ctrl_chain|  ImageRenderHLS|  return value|
|ap_rst_n               |   in|    1|  ap_ctrl_chain|  ImageRenderHLS|  return value|
|interrupt              |  out|    1|  ap_ctrl_chain|  ImageRenderHLS|  return value|
|m_axi_gmem0_AWVALID    |  out|    1|          m_axi|           gmem0|       pointer|
|m_axi_gmem0_AWREADY    |   in|    1|          m_axi|           gmem0|       pointer|
|m_axi_gmem0_AWADDR     |  out|   64|          m_axi|           gmem0|       pointer|
|m_axi_gmem0_AWID       |  out|    1|          m_axi|           gmem0|       pointer|
|m_axi_gmem0_AWLEN      |  out|    8|          m_axi|           gmem0|       pointer|
|m_axi_gmem0_AWSIZE     |  out|    3|          m_axi|           gmem0|       pointer|
|m_axi_gmem0_AWBURST    |  out|    2|          m_axi|           gmem0|       pointer|
|m_axi_gmem0_AWLOCK     |  out|    2|          m_axi|           gmem0|       pointer|
|m_axi_gmem0_AWCACHE    |  out|    4|          m_axi|           gmem0|       pointer|
|m_axi_gmem0_AWPROT     |  out|    3|          m_axi|           gmem0|       pointer|
|m_axi_gmem0_AWQOS      |  out|    4|          m_axi|           gmem0|       pointer|
|m_axi_gmem0_AWREGION   |  out|    4|          m_axi|           gmem0|       pointer|
|m_axi_gmem0_AWUSER     |  out|    1|          m_axi|           gmem0|       pointer|
|m_axi_gmem0_WVALID     |  out|    1|          m_axi|           gmem0|       pointer|
|m_axi_gmem0_WREADY     |   in|    1|          m_axi|           gmem0|       pointer|
|m_axi_gmem0_WDATA      |  out|   32|          m_axi|           gmem0|       pointer|
|m_axi_gmem0_WSTRB      |  out|    4|          m_axi|           gmem0|       pointer|
|m_axi_gmem0_WLAST      |  out|    1|          m_axi|           gmem0|       pointer|
|m_axi_gmem0_WID        |  out|    1|          m_axi|           gmem0|       pointer|
|m_axi_gmem0_WUSER      |  out|    1|          m_axi|           gmem0|       pointer|
|m_axi_gmem0_ARVALID    |  out|    1|          m_axi|           gmem0|       pointer|
|m_axi_gmem0_ARREADY    |   in|    1|          m_axi|           gmem0|       pointer|
|m_axi_gmem0_ARADDR     |  out|   64|          m_axi|           gmem0|       pointer|
|m_axi_gmem0_ARID       |  out|    1|          m_axi|           gmem0|       pointer|
|m_axi_gmem0_ARLEN      |  out|    8|          m_axi|           gmem0|       pointer|
|m_axi_gmem0_ARSIZE     |  out|    3|          m_axi|           gmem0|       pointer|
|m_axi_gmem0_ARBURST    |  out|    2|          m_axi|           gmem0|       pointer|
|m_axi_gmem0_ARLOCK     |  out|    2|          m_axi|           gmem0|       pointer|
|m_axi_gmem0_ARCACHE    |  out|    4|          m_axi|           gmem0|       pointer|
|m_axi_gmem0_ARPROT     |  out|    3|          m_axi|           gmem0|       pointer|
|m_axi_gmem0_ARQOS      |  out|    4|          m_axi|           gmem0|       pointer|
|m_axi_gmem0_ARREGION   |  out|    4|          m_axi|           gmem0|       pointer|
|m_axi_gmem0_ARUSER     |  out|    1|          m_axi|           gmem0|       pointer|
|m_axi_gmem0_RVALID     |   in|    1|          m_axi|           gmem0|       pointer|
|m_axi_gmem0_RREADY     |  out|    1|          m_axi|           gmem0|       pointer|
|m_axi_gmem0_RDATA      |   in|   32|          m_axi|           gmem0|       pointer|
|m_axi_gmem0_RLAST      |   in|    1|          m_axi|           gmem0|       pointer|
|m_axi_gmem0_RID        |   in|    1|          m_axi|           gmem0|       pointer|
|m_axi_gmem0_RUSER      |   in|    1|          m_axi|           gmem0|       pointer|
|m_axi_gmem0_RRESP      |   in|    2|          m_axi|           gmem0|       pointer|
|m_axi_gmem0_BVALID     |   in|    1|          m_axi|           gmem0|       pointer|
|m_axi_gmem0_BREADY     |  out|    1|          m_axi|           gmem0|       pointer|
|m_axi_gmem0_BRESP      |   in|    2|          m_axi|           gmem0|       pointer|
|m_axi_gmem0_BID        |   in|    1|          m_axi|           gmem0|       pointer|
|m_axi_gmem0_BUSER      |   in|    1|          m_axi|           gmem0|       pointer|
|m_axi_gmem1_AWVALID    |  out|    1|          m_axi|           gmem1|       pointer|
|m_axi_gmem1_AWREADY    |   in|    1|          m_axi|           gmem1|       pointer|
|m_axi_gmem1_AWADDR     |  out|   64|          m_axi|           gmem1|       pointer|
|m_axi_gmem1_AWID       |  out|    1|          m_axi|           gmem1|       pointer|
|m_axi_gmem1_AWLEN      |  out|    8|          m_axi|           gmem1|       pointer|
|m_axi_gmem1_AWSIZE     |  out|    3|          m_axi|           gmem1|       pointer|
|m_axi_gmem1_AWBURST    |  out|    2|          m_axi|           gmem1|       pointer|
|m_axi_gmem1_AWLOCK     |  out|    2|          m_axi|           gmem1|       pointer|
|m_axi_gmem1_AWCACHE    |  out|    4|          m_axi|           gmem1|       pointer|
|m_axi_gmem1_AWPROT     |  out|    3|          m_axi|           gmem1|       pointer|
|m_axi_gmem1_AWQOS      |  out|    4|          m_axi|           gmem1|       pointer|
|m_axi_gmem1_AWREGION   |  out|    4|          m_axi|           gmem1|       pointer|
|m_axi_gmem1_AWUSER     |  out|    1|          m_axi|           gmem1|       pointer|
|m_axi_gmem1_WVALID     |  out|    1|          m_axi|           gmem1|       pointer|
|m_axi_gmem1_WREADY     |   in|    1|          m_axi|           gmem1|       pointer|
|m_axi_gmem1_WDATA      |  out|   32|          m_axi|           gmem1|       pointer|
|m_axi_gmem1_WSTRB      |  out|    4|          m_axi|           gmem1|       pointer|
|m_axi_gmem1_WLAST      |  out|    1|          m_axi|           gmem1|       pointer|
|m_axi_gmem1_WID        |  out|    1|          m_axi|           gmem1|       pointer|
|m_axi_gmem1_WUSER      |  out|    1|          m_axi|           gmem1|       pointer|
|m_axi_gmem1_ARVALID    |  out|    1|          m_axi|           gmem1|       pointer|
|m_axi_gmem1_ARREADY    |   in|    1|          m_axi|           gmem1|       pointer|
|m_axi_gmem1_ARADDR     |  out|   64|          m_axi|           gmem1|       pointer|
|m_axi_gmem1_ARID       |  out|    1|          m_axi|           gmem1|       pointer|
|m_axi_gmem1_ARLEN      |  out|    8|          m_axi|           gmem1|       pointer|
|m_axi_gmem1_ARSIZE     |  out|    3|          m_axi|           gmem1|       pointer|
|m_axi_gmem1_ARBURST    |  out|    2|          m_axi|           gmem1|       pointer|
|m_axi_gmem1_ARLOCK     |  out|    2|          m_axi|           gmem1|       pointer|
|m_axi_gmem1_ARCACHE    |  out|    4|          m_axi|           gmem1|       pointer|
|m_axi_gmem1_ARPROT     |  out|    3|          m_axi|           gmem1|       pointer|
|m_axi_gmem1_ARQOS      |  out|    4|          m_axi|           gmem1|       pointer|
|m_axi_gmem1_ARREGION   |  out|    4|          m_axi|           gmem1|       pointer|
|m_axi_gmem1_ARUSER     |  out|    1|          m_axi|           gmem1|       pointer|
|m_axi_gmem1_RVALID     |   in|    1|          m_axi|           gmem1|       pointer|
|m_axi_gmem1_RREADY     |  out|    1|          m_axi|           gmem1|       pointer|
|m_axi_gmem1_RDATA      |   in|   32|          m_axi|           gmem1|       pointer|
|m_axi_gmem1_RLAST      |   in|    1|          m_axi|           gmem1|       pointer|
|m_axi_gmem1_RID        |   in|    1|          m_axi|           gmem1|       pointer|
|m_axi_gmem1_RUSER      |   in|    1|          m_axi|           gmem1|       pointer|
|m_axi_gmem1_RRESP      |   in|    2|          m_axi|           gmem1|       pointer|
|m_axi_gmem1_BVALID     |   in|    1|          m_axi|           gmem1|       pointer|
|m_axi_gmem1_BREADY     |  out|    1|          m_axi|           gmem1|       pointer|
|m_axi_gmem1_BRESP      |   in|    2|          m_axi|           gmem1|       pointer|
|m_axi_gmem1_BID        |   in|    1|          m_axi|           gmem1|       pointer|
|m_axi_gmem1_BUSER      |   in|    1|          m_axi|           gmem1|       pointer|
|m_axi_gmem2_AWVALID    |  out|    1|          m_axi|           gmem2|       pointer|
|m_axi_gmem2_AWREADY    |   in|    1|          m_axi|           gmem2|       pointer|
|m_axi_gmem2_AWADDR     |  out|   64|          m_axi|           gmem2|       pointer|
|m_axi_gmem2_AWID       |  out|    1|          m_axi|           gmem2|       pointer|
|m_axi_gmem2_AWLEN      |  out|    8|          m_axi|           gmem2|       pointer|
|m_axi_gmem2_AWSIZE     |  out|    3|          m_axi|           gmem2|       pointer|
|m_axi_gmem2_AWBURST    |  out|    2|          m_axi|           gmem2|       pointer|
|m_axi_gmem2_AWLOCK     |  out|    2|          m_axi|           gmem2|       pointer|
|m_axi_gmem2_AWCACHE    |  out|    4|          m_axi|           gmem2|       pointer|
|m_axi_gmem2_AWPROT     |  out|    3|          m_axi|           gmem2|       pointer|
|m_axi_gmem2_AWQOS      |  out|    4|          m_axi|           gmem2|       pointer|
|m_axi_gmem2_AWREGION   |  out|    4|          m_axi|           gmem2|       pointer|
|m_axi_gmem2_AWUSER     |  out|    1|          m_axi|           gmem2|       pointer|
|m_axi_gmem2_WVALID     |  out|    1|          m_axi|           gmem2|       pointer|
|m_axi_gmem2_WREADY     |   in|    1|          m_axi|           gmem2|       pointer|
|m_axi_gmem2_WDATA      |  out|   32|          m_axi|           gmem2|       pointer|
|m_axi_gmem2_WSTRB      |  out|    4|          m_axi|           gmem2|       pointer|
|m_axi_gmem2_WLAST      |  out|    1|          m_axi|           gmem2|       pointer|
|m_axi_gmem2_WID        |  out|    1|          m_axi|           gmem2|       pointer|
|m_axi_gmem2_WUSER      |  out|    1|          m_axi|           gmem2|       pointer|
|m_axi_gmem2_ARVALID    |  out|    1|          m_axi|           gmem2|       pointer|
|m_axi_gmem2_ARREADY    |   in|    1|          m_axi|           gmem2|       pointer|
|m_axi_gmem2_ARADDR     |  out|   64|          m_axi|           gmem2|       pointer|
|m_axi_gmem2_ARID       |  out|    1|          m_axi|           gmem2|       pointer|
|m_axi_gmem2_ARLEN      |  out|    8|          m_axi|           gmem2|       pointer|
|m_axi_gmem2_ARSIZE     |  out|    3|          m_axi|           gmem2|       pointer|
|m_axi_gmem2_ARBURST    |  out|    2|          m_axi|           gmem2|       pointer|
|m_axi_gmem2_ARLOCK     |  out|    2|          m_axi|           gmem2|       pointer|
|m_axi_gmem2_ARCACHE    |  out|    4|          m_axi|           gmem2|       pointer|
|m_axi_gmem2_ARPROT     |  out|    3|          m_axi|           gmem2|       pointer|
|m_axi_gmem2_ARQOS      |  out|    4|          m_axi|           gmem2|       pointer|
|m_axi_gmem2_ARREGION   |  out|    4|          m_axi|           gmem2|       pointer|
|m_axi_gmem2_ARUSER     |  out|    1|          m_axi|           gmem2|       pointer|
|m_axi_gmem2_RVALID     |   in|    1|          m_axi|           gmem2|       pointer|
|m_axi_gmem2_RREADY     |  out|    1|          m_axi|           gmem2|       pointer|
|m_axi_gmem2_RDATA      |   in|   32|          m_axi|           gmem2|       pointer|
|m_axi_gmem2_RLAST      |   in|    1|          m_axi|           gmem2|       pointer|
|m_axi_gmem2_RID        |   in|    1|          m_axi|           gmem2|       pointer|
|m_axi_gmem2_RUSER      |   in|    1|          m_axi|           gmem2|       pointer|
|m_axi_gmem2_RRESP      |   in|    2|          m_axi|           gmem2|       pointer|
|m_axi_gmem2_BVALID     |   in|    1|          m_axi|           gmem2|       pointer|
|m_axi_gmem2_BREADY     |  out|    1|          m_axi|           gmem2|       pointer|
|m_axi_gmem2_BRESP      |   in|    2|          m_axi|           gmem2|       pointer|
|m_axi_gmem2_BID        |   in|    1|          m_axi|           gmem2|       pointer|
|m_axi_gmem2_BUSER      |   in|    1|          m_axi|           gmem2|       pointer|
|m_axi_gmem3_AWVALID    |  out|    1|          m_axi|           gmem3|       pointer|
|m_axi_gmem3_AWREADY    |   in|    1|          m_axi|           gmem3|       pointer|
|m_axi_gmem3_AWADDR     |  out|   64|          m_axi|           gmem3|       pointer|
|m_axi_gmem3_AWID       |  out|    1|          m_axi|           gmem3|       pointer|
|m_axi_gmem3_AWLEN      |  out|    8|          m_axi|           gmem3|       pointer|
|m_axi_gmem3_AWSIZE     |  out|    3|          m_axi|           gmem3|       pointer|
|m_axi_gmem3_AWBURST    |  out|    2|          m_axi|           gmem3|       pointer|
|m_axi_gmem3_AWLOCK     |  out|    2|          m_axi|           gmem3|       pointer|
|m_axi_gmem3_AWCACHE    |  out|    4|          m_axi|           gmem3|       pointer|
|m_axi_gmem3_AWPROT     |  out|    3|          m_axi|           gmem3|       pointer|
|m_axi_gmem3_AWQOS      |  out|    4|          m_axi|           gmem3|       pointer|
|m_axi_gmem3_AWREGION   |  out|    4|          m_axi|           gmem3|       pointer|
|m_axi_gmem3_AWUSER     |  out|    1|          m_axi|           gmem3|       pointer|
|m_axi_gmem3_WVALID     |  out|    1|          m_axi|           gmem3|       pointer|
|m_axi_gmem3_WREADY     |   in|    1|          m_axi|           gmem3|       pointer|
|m_axi_gmem3_WDATA      |  out|   32|          m_axi|           gmem3|       pointer|
|m_axi_gmem3_WSTRB      |  out|    4|          m_axi|           gmem3|       pointer|
|m_axi_gmem3_WLAST      |  out|    1|          m_axi|           gmem3|       pointer|
|m_axi_gmem3_WID        |  out|    1|          m_axi|           gmem3|       pointer|
|m_axi_gmem3_WUSER      |  out|    1|          m_axi|           gmem3|       pointer|
|m_axi_gmem3_ARVALID    |  out|    1|          m_axi|           gmem3|       pointer|
|m_axi_gmem3_ARREADY    |   in|    1|          m_axi|           gmem3|       pointer|
|m_axi_gmem3_ARADDR     |  out|   64|          m_axi|           gmem3|       pointer|
|m_axi_gmem3_ARID       |  out|    1|          m_axi|           gmem3|       pointer|
|m_axi_gmem3_ARLEN      |  out|    8|          m_axi|           gmem3|       pointer|
|m_axi_gmem3_ARSIZE     |  out|    3|          m_axi|           gmem3|       pointer|
|m_axi_gmem3_ARBURST    |  out|    2|          m_axi|           gmem3|       pointer|
|m_axi_gmem3_ARLOCK     |  out|    2|          m_axi|           gmem3|       pointer|
|m_axi_gmem3_ARCACHE    |  out|    4|          m_axi|           gmem3|       pointer|
|m_axi_gmem3_ARPROT     |  out|    3|          m_axi|           gmem3|       pointer|
|m_axi_gmem3_ARQOS      |  out|    4|          m_axi|           gmem3|       pointer|
|m_axi_gmem3_ARREGION   |  out|    4|          m_axi|           gmem3|       pointer|
|m_axi_gmem3_ARUSER     |  out|    1|          m_axi|           gmem3|       pointer|
|m_axi_gmem3_RVALID     |   in|    1|          m_axi|           gmem3|       pointer|
|m_axi_gmem3_RREADY     |  out|    1|          m_axi|           gmem3|       pointer|
|m_axi_gmem3_RDATA      |   in|   32|          m_axi|           gmem3|       pointer|
|m_axi_gmem3_RLAST      |   in|    1|          m_axi|           gmem3|       pointer|
|m_axi_gmem3_RID        |   in|    1|          m_axi|           gmem3|       pointer|
|m_axi_gmem3_RUSER      |   in|    1|          m_axi|           gmem3|       pointer|
|m_axi_gmem3_RRESP      |   in|    2|          m_axi|           gmem3|       pointer|
|m_axi_gmem3_BVALID     |   in|    1|          m_axi|           gmem3|       pointer|
|m_axi_gmem3_BREADY     |  out|    1|          m_axi|           gmem3|       pointer|
|m_axi_gmem3_BRESP      |   in|    2|          m_axi|           gmem3|       pointer|
|m_axi_gmem3_BID        |   in|    1|          m_axi|           gmem3|       pointer|
|m_axi_gmem3_BUSER      |   in|    1|          m_axi|           gmem3|       pointer|
|m_axi_gmem4_AWVALID    |  out|    1|          m_axi|           gmem4|       pointer|
|m_axi_gmem4_AWREADY    |   in|    1|          m_axi|           gmem4|       pointer|
|m_axi_gmem4_AWADDR     |  out|   64|          m_axi|           gmem4|       pointer|
|m_axi_gmem4_AWID       |  out|    1|          m_axi|           gmem4|       pointer|
|m_axi_gmem4_AWLEN      |  out|    8|          m_axi|           gmem4|       pointer|
|m_axi_gmem4_AWSIZE     |  out|    3|          m_axi|           gmem4|       pointer|
|m_axi_gmem4_AWBURST    |  out|    2|          m_axi|           gmem4|       pointer|
|m_axi_gmem4_AWLOCK     |  out|    2|          m_axi|           gmem4|       pointer|
|m_axi_gmem4_AWCACHE    |  out|    4|          m_axi|           gmem4|       pointer|
|m_axi_gmem4_AWPROT     |  out|    3|          m_axi|           gmem4|       pointer|
|m_axi_gmem4_AWQOS      |  out|    4|          m_axi|           gmem4|       pointer|
|m_axi_gmem4_AWREGION   |  out|    4|          m_axi|           gmem4|       pointer|
|m_axi_gmem4_AWUSER     |  out|    1|          m_axi|           gmem4|       pointer|
|m_axi_gmem4_WVALID     |  out|    1|          m_axi|           gmem4|       pointer|
|m_axi_gmem4_WREADY     |   in|    1|          m_axi|           gmem4|       pointer|
|m_axi_gmem4_WDATA      |  out|   32|          m_axi|           gmem4|       pointer|
|m_axi_gmem4_WSTRB      |  out|    4|          m_axi|           gmem4|       pointer|
|m_axi_gmem4_WLAST      |  out|    1|          m_axi|           gmem4|       pointer|
|m_axi_gmem4_WID        |  out|    1|          m_axi|           gmem4|       pointer|
|m_axi_gmem4_WUSER      |  out|    1|          m_axi|           gmem4|       pointer|
|m_axi_gmem4_ARVALID    |  out|    1|          m_axi|           gmem4|       pointer|
|m_axi_gmem4_ARREADY    |   in|    1|          m_axi|           gmem4|       pointer|
|m_axi_gmem4_ARADDR     |  out|   64|          m_axi|           gmem4|       pointer|
|m_axi_gmem4_ARID       |  out|    1|          m_axi|           gmem4|       pointer|
|m_axi_gmem4_ARLEN      |  out|    8|          m_axi|           gmem4|       pointer|
|m_axi_gmem4_ARSIZE     |  out|    3|          m_axi|           gmem4|       pointer|
|m_axi_gmem4_ARBURST    |  out|    2|          m_axi|           gmem4|       pointer|
|m_axi_gmem4_ARLOCK     |  out|    2|          m_axi|           gmem4|       pointer|
|m_axi_gmem4_ARCACHE    |  out|    4|          m_axi|           gmem4|       pointer|
|m_axi_gmem4_ARPROT     |  out|    3|          m_axi|           gmem4|       pointer|
|m_axi_gmem4_ARQOS      |  out|    4|          m_axi|           gmem4|       pointer|
|m_axi_gmem4_ARREGION   |  out|    4|          m_axi|           gmem4|       pointer|
|m_axi_gmem4_ARUSER     |  out|    1|          m_axi|           gmem4|       pointer|
|m_axi_gmem4_RVALID     |   in|    1|          m_axi|           gmem4|       pointer|
|m_axi_gmem4_RREADY     |  out|    1|          m_axi|           gmem4|       pointer|
|m_axi_gmem4_RDATA      |   in|   32|          m_axi|           gmem4|       pointer|
|m_axi_gmem4_RLAST      |   in|    1|          m_axi|           gmem4|       pointer|
|m_axi_gmem4_RID        |   in|    1|          m_axi|           gmem4|       pointer|
|m_axi_gmem4_RUSER      |   in|    1|          m_axi|           gmem4|       pointer|
|m_axi_gmem4_RRESP      |   in|    2|          m_axi|           gmem4|       pointer|
|m_axi_gmem4_BVALID     |   in|    1|          m_axi|           gmem4|       pointer|
|m_axi_gmem4_BREADY     |  out|    1|          m_axi|           gmem4|       pointer|
|m_axi_gmem4_BRESP      |   in|    2|          m_axi|           gmem4|       pointer|
|m_axi_gmem4_BID        |   in|    1|          m_axi|           gmem4|       pointer|
|m_axi_gmem4_BUSER      |   in|    1|          m_axi|           gmem4|       pointer|
|m_axi_gmem5_AWVALID    |  out|    1|          m_axi|           gmem5|       pointer|
|m_axi_gmem5_AWREADY    |   in|    1|          m_axi|           gmem5|       pointer|
|m_axi_gmem5_AWADDR     |  out|   64|          m_axi|           gmem5|       pointer|
|m_axi_gmem5_AWID       |  out|    1|          m_axi|           gmem5|       pointer|
|m_axi_gmem5_AWLEN      |  out|    8|          m_axi|           gmem5|       pointer|
|m_axi_gmem5_AWSIZE     |  out|    3|          m_axi|           gmem5|       pointer|
|m_axi_gmem5_AWBURST    |  out|    2|          m_axi|           gmem5|       pointer|
|m_axi_gmem5_AWLOCK     |  out|    2|          m_axi|           gmem5|       pointer|
|m_axi_gmem5_AWCACHE    |  out|    4|          m_axi|           gmem5|       pointer|
|m_axi_gmem5_AWPROT     |  out|    3|          m_axi|           gmem5|       pointer|
|m_axi_gmem5_AWQOS      |  out|    4|          m_axi|           gmem5|       pointer|
|m_axi_gmem5_AWREGION   |  out|    4|          m_axi|           gmem5|       pointer|
|m_axi_gmem5_AWUSER     |  out|    1|          m_axi|           gmem5|       pointer|
|m_axi_gmem5_WVALID     |  out|    1|          m_axi|           gmem5|       pointer|
|m_axi_gmem5_WREADY     |   in|    1|          m_axi|           gmem5|       pointer|
|m_axi_gmem5_WDATA      |  out|   32|          m_axi|           gmem5|       pointer|
|m_axi_gmem5_WSTRB      |  out|    4|          m_axi|           gmem5|       pointer|
|m_axi_gmem5_WLAST      |  out|    1|          m_axi|           gmem5|       pointer|
|m_axi_gmem5_WID        |  out|    1|          m_axi|           gmem5|       pointer|
|m_axi_gmem5_WUSER      |  out|    1|          m_axi|           gmem5|       pointer|
|m_axi_gmem5_ARVALID    |  out|    1|          m_axi|           gmem5|       pointer|
|m_axi_gmem5_ARREADY    |   in|    1|          m_axi|           gmem5|       pointer|
|m_axi_gmem5_ARADDR     |  out|   64|          m_axi|           gmem5|       pointer|
|m_axi_gmem5_ARID       |  out|    1|          m_axi|           gmem5|       pointer|
|m_axi_gmem5_ARLEN      |  out|    8|          m_axi|           gmem5|       pointer|
|m_axi_gmem5_ARSIZE     |  out|    3|          m_axi|           gmem5|       pointer|
|m_axi_gmem5_ARBURST    |  out|    2|          m_axi|           gmem5|       pointer|
|m_axi_gmem5_ARLOCK     |  out|    2|          m_axi|           gmem5|       pointer|
|m_axi_gmem5_ARCACHE    |  out|    4|          m_axi|           gmem5|       pointer|
|m_axi_gmem5_ARPROT     |  out|    3|          m_axi|           gmem5|       pointer|
|m_axi_gmem5_ARQOS      |  out|    4|          m_axi|           gmem5|       pointer|
|m_axi_gmem5_ARREGION   |  out|    4|          m_axi|           gmem5|       pointer|
|m_axi_gmem5_ARUSER     |  out|    1|          m_axi|           gmem5|       pointer|
|m_axi_gmem5_RVALID     |   in|    1|          m_axi|           gmem5|       pointer|
|m_axi_gmem5_RREADY     |  out|    1|          m_axi|           gmem5|       pointer|
|m_axi_gmem5_RDATA      |   in|   32|          m_axi|           gmem5|       pointer|
|m_axi_gmem5_RLAST      |   in|    1|          m_axi|           gmem5|       pointer|
|m_axi_gmem5_RID        |   in|    1|          m_axi|           gmem5|       pointer|
|m_axi_gmem5_RUSER      |   in|    1|          m_axi|           gmem5|       pointer|
|m_axi_gmem5_RRESP      |   in|    2|          m_axi|           gmem5|       pointer|
|m_axi_gmem5_BVALID     |   in|    1|          m_axi|           gmem5|       pointer|
|m_axi_gmem5_BREADY     |  out|    1|          m_axi|           gmem5|       pointer|
|m_axi_gmem5_BRESP      |   in|    2|          m_axi|           gmem5|       pointer|
|m_axi_gmem5_BID        |   in|    1|          m_axi|           gmem5|       pointer|
|m_axi_gmem5_BUSER      |   in|    1|          m_axi|           gmem5|       pointer|
+-----------------------+-----+-----+---------------+----------------+--------------+

