INFO: [v++ 60-1306] Additional information associated with this v++ link can be found at:
	Reports: /home/emanuel/workspace/mesh_vo/MultiPlatformDiffRenderer/src/backends/xrt/hls/build/xclbin/_x/reports/link
	Log files: /home/emanuel/workspace/mesh_vo/MultiPlatformDiffRenderer/src/backends/xrt/hls/build/xclbin/_x/logs/link
INFO: [v++ 60-1548] Creating build summary session with primary output /home/emanuel/workspace/mesh_vo/MultiPlatformDiffRenderer/src/backends/xrt/hls/build/xclbin/imagerendererhls.xclbin.link_summary, at Thu Jan 22 12:31:47 2026
INFO: [v++ 60-1315] Creating rulecheck session with output '/home/emanuel/workspace/mesh_vo/MultiPlatformDiffRenderer/src/backends/xrt/hls/build/xclbin/_x/reports/link/v++_link_imagerendererhls_guidance.html', at Thu Jan 22 12:31:47 2026
INFO: [v++ 60-895]   Target platform: /home/emanuel/workspace/visual_odometry_vitis/platform/kv260/step2_pfm/build/platform/kv260_custom/export/kv260_custom/kv260_custom.xpfm
INFO: [v++ 60-1578]   This platform contains Xilinx Shell Archive '/home/emanuel/workspace/visual_odometry_vitis/platform/kv260/step2_pfm/build/platform/kv260_custom/export/kv260_custom/hw/kv260_hardware_platform.xsa'
INFO: [v++ 60-629] Linking for hardware target
INFO: [v++ 60-423]   Target device: kv260_custom
INFO: [v++ 60-1332] Run 'run_link' status: Not started
INFO: [v++ 60-1443] [12:31:49] Run run_link: Step system_link: Started
INFO: [v++ 60-1453] Command Line: system_link --xo /home/emanuel/workspace/mesh_vo/MultiPlatformDiffRenderer/src/backends/xrt/hls/build/xo/imagerendererhls.xo --xpfm /home/emanuel/workspace/visual_odometry_vitis/platform/kv260/step2_pfm/build/platform/kv260_custom/export/kv260_custom/kv260_custom.xpfm --target hw --output_dir /home/emanuel/workspace/mesh_vo/MultiPlatformDiffRenderer/src/backends/xrt/hls/build/xclbin/_x/link/int --temp_dir /home/emanuel/workspace/mesh_vo/MultiPlatformDiffRenderer/src/backends/xrt/hls/build/xclbin/_x/link/sys_link
INFO: [v++ 60-1454] Run Directory: /home/emanuel/workspace/mesh_vo/MultiPlatformDiffRenderer/src/backends/xrt/hls/build/xclbin/_x/link/run_link
INFO: [SYSTEM_LINK 82-70] Extracting xo v3 file /home/emanuel/workspace/mesh_vo/MultiPlatformDiffRenderer/src/backends/xrt/hls/build/xo/imagerendererhls.xo
INFO: [SYSTEM_LINK 82-53] Creating IP database /home/emanuel/workspace/mesh_vo/MultiPlatformDiffRenderer/src/backends/xrt/hls/build/xclbin/_x/link/sys_link/_sysl/.cdb/xd_ip_db.xml
INFO: [SYSTEM_LINK 82-38] [12:31:51] build_xd_ip_db started: /tools/Xilinx/Vitis/2024.2/bin/build_xd_ip_db -ip_search 0  -sds-pf /home/emanuel/workspace/mesh_vo/MultiPlatformDiffRenderer/src/backends/xrt/hls/build/xclbin/_x/link/sys_link/kv260_hardware_platform.hpfm -clkid 1 -ip /home/emanuel/workspace/mesh_vo/MultiPlatformDiffRenderer/src/backends/xrt/hls/build/xclbin/_x/link/sys_link/iprepo/xilinx_com_hls_ImageRenderHLS_1_0,ImageRenderHLS -o /home/emanuel/workspace/mesh_vo/MultiPlatformDiffRenderer/src/backends/xrt/hls/build/xclbin/_x/link/sys_link/_sysl/.cdb/xd_ip_db.xml
INFO: [SYSTEM_LINK 82-37] [12:31:52] build_xd_ip_db finished successfully
Time (s): cpu = 00:00:00.21 ; elapsed = 00:00:00.36 . Memory (MB): peak = 477.453 ; gain = 0.000 ; free physical = 10209 ; free virtual = 18872
INFO: [SYSTEM_LINK 82-51] Create system connectivity graph
INFO: [SYSTEM_LINK 82-102] Applying explicit connections to the system connectivity graph: /home/emanuel/workspace/mesh_vo/MultiPlatformDiffRenderer/src/backends/xrt/hls/build/xclbin/_x/link/sys_link/cfgraph/cfgen_cfgraph.xml
INFO: [SYSTEM_LINK 82-38] [12:31:52] cfgen started: /tools/Xilinx/Vitis/2024.2/bin/cfgen  -dpa_mem_offload false -dpa_aie_mem_offload false -dmclkid 1 -r /home/emanuel/workspace/mesh_vo/MultiPlatformDiffRenderer/src/backends/xrt/hls/build/xclbin/_x/link/sys_link/_sysl/.cdb/xd_ip_db.xml -o /home/emanuel/workspace/mesh_vo/MultiPlatformDiffRenderer/src/backends/xrt/hls/build/xclbin/_x/link/sys_link/cfgraph/cfgen_cfgraph.xml
INFO: [CFGEN 83-0] Kernel Specs: 
INFO: [CFGEN 83-0]   kernel: ImageRenderHLS, num: 1  {ImageRenderHLS_1}
INFO: [CFGEN 83-2226] Inferring mapping for argument ImageRenderHLS_1.vertex_buffer_data to HP0
INFO: [CFGEN 83-2226] Inferring mapping for argument ImageRenderHLS_1.ebo_buffer_data to HP0
INFO: [CFGEN 83-2226] Inferring mapping for argument ImageRenderHLS_1.diffuse_texture_data_ch1 to HP0
INFO: [CFGEN 83-2226] Inferring mapping for argument ImageRenderHLS_1.diffuse_texture_data_ch2 to HP0
INFO: [CFGEN 83-2226] Inferring mapping for argument ImageRenderHLS_1.diffuse_texture_data_ch3 to HP0
INFO: [CFGEN 83-2226] Inferring mapping for argument ImageRenderHLS_1.diffuse_texture_data_ch4 to HP0
INFO: [CFGEN 83-2226] Inferring mapping for argument ImageRenderHLS_1.out_texture_data to HP0
INFO: [SYSTEM_LINK 82-37] [12:31:53] cfgen finished successfully
Time (s): cpu = 00:00:01 ; elapsed = 00:00:01 . Memory (MB): peak = 477.453 ; gain = 0.000 ; free physical = 10221 ; free virtual = 18885
INFO: [SYSTEM_LINK 82-52] Create top-level block diagram
INFO: [SYSTEM_LINK 82-38] [12:31:53] cf2bd started: /tools/Xilinx/Vitis/2024.2/bin/cf2bd  --linux --trace_buffer 1024 --input_file /home/emanuel/workspace/mesh_vo/MultiPlatformDiffRenderer/src/backends/xrt/hls/build/xclbin/_x/link/sys_link/cfgraph/cfgen_cfgraph.xml --ip_db /home/emanuel/workspace/mesh_vo/MultiPlatformDiffRenderer/src/backends/xrt/hls/build/xclbin/_x/link/sys_link/_sysl/.cdb/xd_ip_db.xml --cf_name dr --working_dir /home/emanuel/workspace/mesh_vo/MultiPlatformDiffRenderer/src/backends/xrt/hls/build/xclbin/_x/link/sys_link/_sysl/.xsd --temp_dir /home/emanuel/workspace/mesh_vo/MultiPlatformDiffRenderer/src/backends/xrt/hls/build/xclbin/_x/link/sys_link --output_dir /home/emanuel/workspace/mesh_vo/MultiPlatformDiffRenderer/src/backends/xrt/hls/build/xclbin/_x/link/int
INFO: [CF2BD 82-31] Launching cf2xd: cf2xd -linux -trace-buffer 1024 -i /home/emanuel/workspace/mesh_vo/MultiPlatformDiffRenderer/src/backends/xrt/hls/build/xclbin/_x/link/sys_link/cfgraph/cfgen_cfgraph.xml -r /home/emanuel/workspace/mesh_vo/MultiPlatformDiffRenderer/src/backends/xrt/hls/build/xclbin/_x/link/sys_link/_sysl/.cdb/xd_ip_db.xml -o dr.xml
INFO: [CF2BD 82-28] cf2xd finished successfully
INFO: [CF2BD 82-31] Launching cf_xsd: cf_xsd -disable-address-gen -dn dr -dp /home/emanuel/workspace/mesh_vo/MultiPlatformDiffRenderer/src/backends/xrt/hls/build/xclbin/_x/link/sys_link/_sysl/.xsd
INFO: [CF2BD 82-28] cf_xsd finished successfully
INFO: [SYSTEM_LINK 82-37] [12:31:55] cf2bd finished successfully
Time (s): cpu = 00:00:02 ; elapsed = 00:00:02 . Memory (MB): peak = 477.453 ; gain = 0.000 ; free physical = 10227 ; free virtual = 18893
INFO: [v++ 60-1441] [12:31:55] Run run_link: Step system_link: Completed
Time (s): cpu = 00:00:05 ; elapsed = 00:00:06 . Memory (MB): peak = 505.445 ; gain = 0.000 ; free physical = 10304 ; free virtual = 18863
INFO: [v++ 60-1443] [12:31:55] Run run_link: Step cf2sw: Started
INFO: [v++ 60-1453] Command Line: cf2sw -sdsl /home/emanuel/workspace/mesh_vo/MultiPlatformDiffRenderer/src/backends/xrt/hls/build/xclbin/_x/link/int/sdsl.dat -rtd /home/emanuel/workspace/mesh_vo/MultiPlatformDiffRenderer/src/backends/xrt/hls/build/xclbin/_x/link/int/cf2sw.rtd -nofilter /home/emanuel/workspace/mesh_vo/MultiPlatformDiffRenderer/src/backends/xrt/hls/build/xclbin/_x/link/int/cf2sw_full.rtd -xclbin /home/emanuel/workspace/mesh_vo/MultiPlatformDiffRenderer/src/backends/xrt/hls/build/xclbin/_x/link/int/xclbin_orig.xml -o /home/emanuel/workspace/mesh_vo/MultiPlatformDiffRenderer/src/backends/xrt/hls/build/xclbin/_x/link/int/xclbin_orig.1.xml
INFO: [v++ 60-1454] Run Directory: /home/emanuel/workspace/mesh_vo/MultiPlatformDiffRenderer/src/backends/xrt/hls/build/xclbin/_x/link/run_link
INFO: [v++ 60-1441] [12:31:57] Run run_link: Step cf2sw: Completed
Time (s): cpu = 00:00:02 ; elapsed = 00:00:02 . Memory (MB): peak = 505.445 ; gain = 0.000 ; free physical = 10317 ; free virtual = 18878
INFO: [v++ 60-1443] [12:31:57] Run run_link: Step rtd2_system_diagram: Started
INFO: [v++ 60-1453] Command Line: rtd2SystemDiagram
INFO: [v++ 60-1454] Run Directory: /home/emanuel/workspace/mesh_vo/MultiPlatformDiffRenderer/src/backends/xrt/hls/build/xclbin/_x/link/run_link
INFO: [v++ 60-1441] [12:31:57] Run run_link: Step rtd2_system_diagram: Completed
Time (s): cpu = 00:00:00 ; elapsed = 00:00:00.13 . Memory (MB): peak = 505.445 ; gain = 0.000 ; free physical = 10317 ; free virtual = 18877
INFO: [v++ 60-1443] [12:31:57] Run run_link: Step vpl: Started
INFO: [v++ 60-1453] Command Line: vpl -t hw -f /home/emanuel/workspace/visual_odometry_vitis/platform/kv260/step2_pfm/build/platform/kv260_custom/export/kv260_custom/kv260_custom.xpfm --remote_ip_cache /home/emanuel/workspace/mesh_vo/MultiPlatformDiffRenderer/src/backends/xrt/hls/build/xclbin/.ipcache --output_dir /home/emanuel/workspace/mesh_vo/MultiPlatformDiffRenderer/src/backends/xrt/hls/build/xclbin/_x/link/int --log_dir /home/emanuel/workspace/mesh_vo/MultiPlatformDiffRenderer/src/backends/xrt/hls/build/xclbin/_x/logs/link --report_dir /home/emanuel/workspace/mesh_vo/MultiPlatformDiffRenderer/src/backends/xrt/hls/build/xclbin/_x/reports/link --config /home/emanuel/workspace/mesh_vo/MultiPlatformDiffRenderer/src/backends/xrt/hls/build/xclbin/_x/link/int/vplConfig.ini -k /home/emanuel/workspace/mesh_vo/MultiPlatformDiffRenderer/src/backends/xrt/hls/build/xclbin/_x/link/int/kernel_info.dat --webtalk_flag Vitis --temp_dir /home/emanuel/workspace/mesh_vo/MultiPlatformDiffRenderer/src/backends/xrt/hls/build/xclbin/_x/link --no-info --iprepo /home/emanuel/workspace/mesh_vo/MultiPlatformDiffRenderer/src/backends/xrt/hls/build/xclbin/_x/link/int/xo/ip_repo/xilinx_com_hls_ImageRenderHLS_1_0 --messageDb /home/emanuel/workspace/mesh_vo/MultiPlatformDiffRenderer/src/backends/xrt/hls/build/xclbin/_x/link/run_link/vpl.pb /home/emanuel/workspace/mesh_vo/MultiPlatformDiffRenderer/src/backends/xrt/hls/build/xclbin/_x/link/int/dr.bd.tcl
INFO: [v++ 60-1454] Run Directory: /home/emanuel/workspace/mesh_vo/MultiPlatformDiffRenderer/src/backends/xrt/hls/build/xclbin/_x/link/run_link

****** vpl v2024.2 (64-bit)
  **** SW Build 5239630 on 2024-11-10-11:19:46
  **** Start of session at: Thu Jan 22 12:31:58 2026
    ** Copyright 1986-2022 Xilinx, Inc. All Rights Reserved.
    ** Copyright 2022-2024 Advanced Micro Devices, Inc. All Rights Reserved.

INFO: [VPL 60-839] Read in kernel information from file '/home/emanuel/workspace/mesh_vo/MultiPlatformDiffRenderer/src/backends/xrt/hls/build/xclbin/_x/link/int/kernel_info.dat'.
INFO: [VPL 60-423]   Target device: kv260_custom
INFO: [VPL 60-1032] Extracting hardware platform to /home/emanuel/workspace/mesh_vo/MultiPlatformDiffRenderer/src/backends/xrt/hls/build/xclbin/_x/link/vivado/vpl/.local/hw_platform
[12:32:03] Run vpl: Step create_project: Started
Creating Vivado project.
[12:32:08] Run vpl: Step create_project: Completed
[12:32:08] Run vpl: Step create_bd: Started
[12:32:14] Run vpl: Step create_bd: Completed
[12:32:14] Run vpl: Step update_bd: Started
[12:32:14] Run vpl: Step update_bd: Completed
[12:32:14] Run vpl: Step generate_target: Started
[12:32:46] Run vpl: Step generate_target: Completed
[12:32:46] Run vpl: Step config_hw_runs: Started
[12:32:48] Run vpl: Step config_hw_runs: Completed
[12:32:48] Run vpl: Step synth: Started
[12:33:18] Block-level synthesis in progress, 0 of 25 jobs complete, 4 jobs running.
[12:33:49] Block-level synthesis in progress, 4 of 25 jobs complete, 1 job running.
[12:34:19] Block-level synthesis in progress, 4 of 25 jobs complete, 4 jobs running.
[12:34:49] Block-level synthesis in progress, 6 of 25 jobs complete, 2 jobs running.
[12:35:19] Block-level synthesis in progress, 10 of 25 jobs complete, 2 jobs running.
[12:35:49] Block-level synthesis in progress, 13 of 25 jobs complete, 3 jobs running.
[12:36:19] Block-level synthesis in progress, 13 of 25 jobs complete, 4 jobs running.
[12:36:49] Block-level synthesis in progress, 14 of 25 jobs complete, 3 jobs running.
[12:37:19] Block-level synthesis in progress, 17 of 25 jobs complete, 2 jobs running.
[12:37:49] Block-level synthesis in progress, 19 of 25 jobs complete, 3 jobs running.
[12:38:19] Block-level synthesis in progress, 19 of 25 jobs complete, 4 jobs running.
[12:38:50] Block-level synthesis in progress, 23 of 25 jobs complete, 2 jobs running.
[12:39:20] Block-level synthesis in progress, 24 of 25 jobs complete, 1 job running.
[12:39:50] Block-level synthesis in progress, 24 of 25 jobs complete, 1 job running.
[12:40:20] Block-level synthesis in progress, 24 of 25 jobs complete, 1 job running.
[12:40:50] Block-level synthesis in progress, 24 of 25 jobs complete, 1 job running.
[12:41:20] Block-level synthesis in progress, 24 of 25 jobs complete, 1 job running.
[12:41:50] Block-level synthesis in progress, 24 of 25 jobs complete, 1 job running.
[12:42:20] Block-level synthesis in progress, 24 of 25 jobs complete, 1 job running.
[12:42:51] Block-level synthesis in progress, 24 of 25 jobs complete, 1 job running.
[12:43:21] Block-level synthesis in progress, 24 of 25 jobs complete, 1 job running.
[12:43:51] Top-level synthesis in progress.
[12:44:26] Run vpl: Step synth: Completed
[12:44:26] Run vpl: Step impl: Started
[12:45:58] Finished 2nd of 6 tasks (FPGA linking synthesized kernels to platform). Elapsed time: 00h 13m 59s 

[12:45:58] Starting logic optimization..
[12:45:58] Phase 1 Initialization
[12:45:58] Phase 1.1 Core Generation And Design Setup
[12:45:58] Phase 1.2 Setup Constraints And Sort Netlist
[12:45:58] Phase 2 Timer Update And Timing Data Collection
[12:45:58] Phase 2.1 Timer Update
[12:45:58] Phase 2.2 Timing Data Collection
[12:45:58] Phase 3 Retarget
[12:45:58] Phase 4 Constant propagation
[12:45:58] Phase 5 Sweep
[12:45:58] Phase 6 BUFG optimization
[12:45:58] Phase 7 Shift Register Optimization
[12:45:58] Phase 8 Post Processing Netlist
[12:45:58] Phase 9 Finalization
[12:45:58] Phase 9.1 Finalizing Design Cores and Updating Shapes
[12:45:58] Phase 9.2 Verifying Netlist Connectivity
[12:46:28] Finished 3rd of 6 tasks (FPGA logic optimization). Elapsed time: 00h 00m 30s 

[12:46:28] Starting logic placement..
[12:46:28] Phase 1 Placer Initialization
[12:46:28] Phase 1.1 Placer Initialization Netlist Sorting
[12:46:28] Phase 1.2 IO Placement/ Clock Placement/ Build Placer Device
[12:46:58] Phase 1.3 Build Placer Netlist Model
[12:46:58] Phase 1.4 Constrain Clocks/Macros
[12:46:58] Phase 2 Global Placement
[12:46:58] Phase 2.1 Floorplanning
[12:46:58] Phase 2.1.1 Partition Driven Placement
[12:46:58] Phase 2.1.1.1 PBP: Partition Driven Placement
[12:47:28] Phase 2.1.1.2 PBP: Clock Region Placement
[12:47:28] Phase 2.1.1.3 PBP: Compute Congestion
[12:47:28] Phase 2.1.1.4 PBP: UpdateTiming
[12:47:28] Phase 2.1.1.5 PBP: Add part constraints
[12:47:28] Phase 2.2 Update Timing before SLR Path Opt
[12:47:28] Phase 2.3 Post-Processing in Floorplanning
[12:47:28] Phase 2.4 Global Place Phase1
[12:49:29] Phase 2.5 Global Place Phase2
[12:49:29] Phase 2.5.1 UpdateTiming Before Physical Synthesis
[12:49:29] Phase 2.5.2 Physical Synthesis In Placer
[12:49:59] Phase 3 Detail Placement
[12:49:59] Phase 3.1 Commit Multi Column Macros
[12:49:59] Phase 3.2 Commit Most Macros & LUTRAMs
[12:50:29] Phase 3.3 Small Shape DP
[12:50:29] Phase 3.3.1 Small Shape Clustering
[12:50:29] Phase 3.3.2 Slice Area Swap
[12:50:29] Phase 3.3.2.1 Slice Area Swap Initial
[12:50:29] Phase 3.4 Re-assign LUT pins
[12:50:29] Phase 3.5 Pipeline Register Optimization
[12:50:29] Phase 3.6 Fast Optimization
[12:51:00] Phase 4 Post Placement Optimization and Clean-Up
[12:51:00] Phase 4.1 Post Commit Optimization
[12:51:30] Phase 4.1.1 Post Placement Optimization
[12:51:30] Phase 4.1.1.1 BUFG Insertion
[12:51:30] Phase 1 Physical Synthesis Initialization
[12:51:30] Phase 4.1.1.2 Post Placement Timing Optimization
[12:51:30] Phase 4.2 Post Placement Cleanup
[12:51:30] Phase 4.3 Placer Reporting
[12:51:30] Phase 4.3.1 Print Estimated Congestion
[12:51:30] Phase 4.4 Final Placement Cleanup
[12:52:00] Finished 4th of 6 tasks (FPGA logic placement). Elapsed time: 00h 05m 32s 

[12:52:00] Starting logic routing..
[12:52:00] Phase 1 Build RT Design
[12:52:00] Phase 2 Router Initialization
[12:52:00] Phase 2.1 Fix Topology Constraints
[12:52:00] Phase 2.2 Pre Route Cleanup
[12:52:31] Phase 2.3 Global Clock Net Routing
[12:52:31] Phase 2.4 Update Timing
[12:52:31] Phase 3 Global Routing
[12:52:31] Phase 4 Initial Routing
[12:52:31] Phase 4.1 Initial Net Routing Pass
[12:53:01] Phase 5 Rip-up And Reroute
[12:53:01] Phase 5.1 Global Iteration 0
[12:54:31] Phase 5.2 Additional Iteration for Hold
[12:54:31] Phase 6 Delay and Skew Optimization
[12:54:31] Phase 6.1 Delay CleanUp
[12:55:02] Phase 6.2 Clock Skew Optimization
[12:55:02] Phase 7 Post Hold Fix
[12:55:02] Phase 7.1 Hold Fix Iter
[12:55:02] Phase 8 Route finalize
[12:55:02] Phase 9 Verifying routed nets
[12:55:02] Phase 10 Depositing Routes
[12:55:02] Phase 11 Resolve XTalk
[12:55:02] Phase 12 Post Process Routing
[12:55:02] Phase 13 Post Router Timing
[12:55:02] Phase 14 Post-Route Event Processing
[12:55:02] Finished 5th of 6 tasks (FPGA routing). Elapsed time: 00h 03m 01s 

[12:55:02] Starting bitstream generation..
[12:55:52] Creating bitmap...
[12:55:52] Writing bitstream ./system_wrapper.bit...
[12:55:52] Finished 6th of 6 tasks (FPGA bitstream generation). Elapsed time: 00h 00m 50s 
Check VPL, containing 6 checks, has run: 0 errors
[12:55:52] Run vpl: Step impl: Completed
[12:55:52] Run vpl: FINISHED. Run Status: impl Complete!
INFO: [v++ 60-1441] [12:55:52] Run run_link: Step vpl: Completed
Time (s): cpu = 00:00:10 ; elapsed = 00:23:56 . Memory (MB): peak = 505.445 ; gain = 0.000 ; free physical = 11262 ; free virtual = 15732
INFO: [v++ 60-1443] [12:55:52] Run run_link: Step rtdgen: Started
INFO: [v++ 60-1453] Command Line: rtdgen
INFO: [v++ 60-1454] Run Directory: /home/emanuel/workspace/mesh_vo/MultiPlatformDiffRenderer/src/backends/xrt/hls/build/xclbin/_x/link/run_link
INFO: [v++ 60-1453] Command Line: cf2sw -a /home/emanuel/workspace/mesh_vo/MultiPlatformDiffRenderer/src/backends/xrt/hls/build/xclbin/_x/link/int/address_map.xml -sdsl /home/emanuel/workspace/mesh_vo/MultiPlatformDiffRenderer/src/backends/xrt/hls/build/xclbin/_x/link/int/sdsl.dat -xclbin /home/emanuel/workspace/mesh_vo/MultiPlatformDiffRenderer/src/backends/xrt/hls/build/xclbin/_x/link/int/xclbin_orig.xml -rtd /home/emanuel/workspace/mesh_vo/MultiPlatformDiffRenderer/src/backends/xrt/hls/build/xclbin/_x/link/int/imagerendererhls.rtd -o /home/emanuel/workspace/mesh_vo/MultiPlatformDiffRenderer/src/backends/xrt/hls/build/xclbin/_x/link/int/imagerendererhls.xml
INFO: [v++ 60-1652] Cf2sw returned exit code: 0
INFO: [v++ 60-1441] [12:55:54] Run run_link: Step rtdgen: Completed
Time (s): cpu = 00:00:02 ; elapsed = 00:00:02 . Memory (MB): peak = 505.445 ; gain = 0.000 ; free physical = 11219 ; free virtual = 15734
INFO: [v++ 60-1443] [12:55:54] Run run_link: Step xclbinutil: Started
INFO: [v++ 60-1453] Command Line: xclbinutil --add-section BITSTREAM:RAW:/home/emanuel/workspace/mesh_vo/MultiPlatformDiffRenderer/src/backends/xrt/hls/build/xclbin/_x/link/int/system.bit --force --target hw --key-value SYS:dfx_enable:false --add-section :JSON:/home/emanuel/workspace/mesh_vo/MultiPlatformDiffRenderer/src/backends/xrt/hls/build/xclbin/_x/link/int/imagerendererhls.rtd --add-section CLOCK_FREQ_TOPOLOGY:JSON:/home/emanuel/workspace/mesh_vo/MultiPlatformDiffRenderer/src/backends/xrt/hls/build/xclbin/_x/link/int/imagerendererhls_xml.rtd --add-section BUILD_METADATA:JSON:/home/emanuel/workspace/mesh_vo/MultiPlatformDiffRenderer/src/backends/xrt/hls/build/xclbin/_x/link/int/imagerendererhls_build.rtd --add-section EMBEDDED_METADATA:RAW:/home/emanuel/workspace/mesh_vo/MultiPlatformDiffRenderer/src/backends/xrt/hls/build/xclbin/_x/link/int/imagerendererhls.xml --add-section SYSTEM_METADATA:RAW:/home/emanuel/workspace/mesh_vo/MultiPlatformDiffRenderer/src/backends/xrt/hls/build/xclbin/_x/link/int/systemDiagramModelSlrBaseAddress.json --key-value SYS:PlatformVBNV:xilinx_kv260_kv260_hardware_Platform_0_0 --output /home/emanuel/workspace/mesh_vo/MultiPlatformDiffRenderer/src/backends/xrt/hls/build/xclbin/imagerendererhls.xclbin
INFO: [v++ 60-1454] Run Directory: /home/emanuel/workspace/mesh_vo/MultiPlatformDiffRenderer/src/backends/xrt/hls/build/xclbin/_x/link/run_link
XRT Build Version: 2.18.0 (Vitis)
       Build Date: 2024-10-02 22:27:58
          Hash ID: 266b98dc2c041ca450d85afc3fdd0b50a54dcf62
Creating a default 'in-memory' xclbin image.

Section: 'BITSTREAM'(0) was successfully added.
Size   : 7797810 bytes
Format : RAW
File   : '/home/emanuel/workspace/mesh_vo/MultiPlatformDiffRenderer/src/backends/xrt/hls/build/xclbin/_x/link/int/system.bit'

Section: 'MEM_TOPOLOGY'(6) was successfully added.
Format : JSON
File   : 'mem_topology'

Section: 'IP_LAYOUT'(8) was successfully added.
Format : JSON
File   : 'ip_layout'

Section: 'CONNECTIVITY'(7) was successfully added.
Format : JSON
File   : 'connectivity'
WARNING: Skipping CLOCK_FREQ_TOPOLOGY section for count size is zero.
WARNING: Section 'CLOCK_FREQ_TOPOLOGY' content is empty.  No data in the given JSON file.

Section: 'CLOCK_FREQ_TOPOLOGY'(11) was empty.  No action taken.
Format : JSON
File   : '/home/emanuel/workspace/mesh_vo/MultiPlatformDiffRenderer/src/backends/xrt/hls/build/xclbin/_x/link/int/imagerendererhls_xml.rtd'

Section: 'BUILD_METADATA'(14) was successfully added.
Size   : 7546 bytes
Format : JSON
File   : '/home/emanuel/workspace/mesh_vo/MultiPlatformDiffRenderer/src/backends/xrt/hls/build/xclbin/_x/link/int/imagerendererhls_build.rtd'

Section: 'EMBEDDED_METADATA'(2) was successfully added.
Size   : 45975 bytes
Format : RAW
File   : '/home/emanuel/workspace/mesh_vo/MultiPlatformDiffRenderer/src/backends/xrt/hls/build/xclbin/_x/link/int/imagerendererhls.xml'

Section: 'SYSTEM_METADATA'(22) was successfully added.
Size   : 25828 bytes
Format : RAW
File   : '/home/emanuel/workspace/mesh_vo/MultiPlatformDiffRenderer/src/backends/xrt/hls/build/xclbin/_x/link/int/systemDiagramModelSlrBaseAddress.json'
Successfully wrote (7890918 bytes) to the output file: /home/emanuel/workspace/mesh_vo/MultiPlatformDiffRenderer/src/backends/xrt/hls/build/xclbin/imagerendererhls.xclbin
Leaving xclbinutil.
INFO: [v++ 60-1441] [12:55:55] Run run_link: Step xclbinutil: Completed
Time (s): cpu = 00:00:00.04 ; elapsed = 00:00:00.1 . Memory (MB): peak = 505.445 ; gain = 0.000 ; free physical = 11199 ; free virtual = 15724
INFO: [v++ 60-1443] [12:55:55] Run run_link: Step xclbinutilinfo: Started
INFO: [v++ 60-1453] Command Line: xclbinutil --quiet --force --info /home/emanuel/workspace/mesh_vo/MultiPlatformDiffRenderer/src/backends/xrt/hls/build/xclbin/imagerendererhls.xclbin.info --input /home/emanuel/workspace/mesh_vo/MultiPlatformDiffRenderer/src/backends/xrt/hls/build/xclbin/imagerendererhls.xclbin
INFO: [v++ 60-1454] Run Directory: /home/emanuel/workspace/mesh_vo/MultiPlatformDiffRenderer/src/backends/xrt/hls/build/xclbin/_x/link/run_link
INFO: [v++ 60-1441] [12:55:55] Run run_link: Step xclbinutilinfo: Completed
Time (s): cpu = 00:00:00.09 ; elapsed = 00:00:00.15 . Memory (MB): peak = 505.445 ; gain = 0.000 ; free physical = 11198 ; free virtual = 15724
INFO: [v++ 60-244] Generating system estimate report...
INFO: [v++ 60-1092] Generated system estimate report: /home/emanuel/workspace/mesh_vo/MultiPlatformDiffRenderer/src/backends/xrt/hls/build/xclbin/_x/reports/link/system_estimate_imagerendererhls.xtxt
INFO: [v++ 60-586] Created /home/emanuel/workspace/mesh_vo/MultiPlatformDiffRenderer/src/backends/xrt/hls/build/xclbin/imagerendererhls.xclbin
INFO: [v++ 60-1307] Run completed. Additional information can be found in:
	Guidance: /home/emanuel/workspace/mesh_vo/MultiPlatformDiffRenderer/src/backends/xrt/hls/build/xclbin/_x/reports/link/v++_link_imagerendererhls_guidance.html
	Timing Report: /home/emanuel/workspace/mesh_vo/MultiPlatformDiffRenderer/src/backends/xrt/hls/build/xclbin/_x/reports/link/imp/impl_1_system_wrapper_timing_summary_routed.rpt
	Vivado Log: /home/emanuel/workspace/mesh_vo/MultiPlatformDiffRenderer/src/backends/xrt/hls/build/xclbin/_x/logs/link/vivado.log
	Steps Log File: /home/emanuel/workspace/mesh_vo/MultiPlatformDiffRenderer/src/backends/xrt/hls/build/xclbin/_x/logs/link/link.steps.log

INFO: [v++ 60-2343] Use the Vitis Unified IDE to visualize and navigate the reports. Run the following command. 
    vitis -a/ --analyze /home/emanuel/workspace/mesh_vo/MultiPlatformDiffRenderer/src/backends/xrt/hls/build/xclbin/imagerendererhls.xclbin.link_summary 
INFO: [v++ 60-791] Total elapsed time: 0h 24m 10s
INFO: [v++ 60-1653] Closing dispatch client.
