Thu Jan 22 12:31:45 2026: Running xcd server. This server was built by gradle.
Thu Jan 22 12:31:45 2026: Server was asked to start on port: '36697'
Thu Jan 22 12:31:45 2026: Server is using token UUID: 'fc535201-946d-4323-9b44-19bc91d40457'
Thu Jan 22 12:31:45 2026: SESSION_MGR: creating session with session uuid: '6d04a3e9-ade5-4ab9-8d63-1f78fcd2ec76' and name 'default'
Thu Jan 22 12:31:45 2026: Attempting to start server on port '36697'
Thu Jan 22 12:31:45 2026: XCD main fifo: created main fifo '/tmp/xcdmainfc535201-946d-4323-9b44-19bc91d40457', fd read = 13
Thu Jan 22 12:31:45 2026: Running Dispatch Server
Thu Jan 22 12:31:45 2026: Version 2.2.0
Thu Jan 22 12:31:47 2026: Dispatch Server: Accepted socket connection from client
Thu Jan 22 12:31:47 2026: Starting Socket connection
Thu Jan 22 12:31:47 2026: EXCHANGE_TOKEN received, server token: fc535201-946d-4323-9b44-19bc91d40457, passed token: fc535201-946d-4323-9b44-19bc91d40457
Thu Jan 22 12:31:47 2026: DISPATCH_HANDLER: Adding handler from function makeHandler in library libxv_system_diagram
Thu Jan 22 12:31:47 2026: SESSION_MGR: creating session with session uuid: '0e701e1d-007b-4e11-932f-bbd5ad97a549' and name 'v++_link_imagerendererhls'
Thu Jan 22 12:31:47 2026: KERNEL_SVC: creating session with uuid: '0e701e1d-007b-4e11-932f-bbd5ad97a549' and name 'v++_link_imagerendererhls'
Thu Jan 22 12:31:47 2026: GUIDANCE_SMGR: creating guidance session with uuid: '0e701e1d-007b-4e11-932f-bbd5ad97a549' and name 'v++_link_imagerendererhls'
Thu Jan 22 12:31:47 2026: SYSTEM_DIAGRAM: creating session with uuid: '0e701e1d-007b-4e11-932f-bbd5ad97a549' and name 'v++_link_imagerendererhls'
Thu Jan 22 12:31:58 2026: Dispatch Server: Accepted socket connection from client
Thu Jan 22 12:31:58 2026: Starting Socket connection
Thu Jan 22 12:32:03 2026: Dispatch Server: Accepted socket connection from client
Thu Jan 22 12:32:03 2026: Starting Socket connection
Thu Jan 22 12:32:54 2026: Dispatch Server: Accepted socket connection from client
Thu Jan 22 12:32:54 2026: Starting Socket connection
Thu Jan 22 12:32:54 2026: Dispatch Server: Accepted socket connection from client
Thu Jan 22 12:32:54 2026: Starting Socket connection
Thu Jan 22 12:32:54 2026: Dispatch Server: Accepted socket connection from client
Thu Jan 22 12:32:54 2026: Starting Socket connection
Thu Jan 22 12:32:54 2026: Dispatch Server: Accepted socket connection from client
Thu Jan 22 12:32:54 2026: Starting Socket connection
Thu Jan 22 12:33:45 2026: Dispatch Server: Accepted socket connection from client
Thu Jan 22 12:33:45 2026: Starting Socket connection
Thu Jan 22 12:33:55 2026: Dispatch Server: Accepted socket connection from client
Thu Jan 22 12:33:55 2026: Starting Socket connection
Thu Jan 22 12:33:56 2026: Dispatch Server: Accepted socket connection from client
Thu Jan 22 12:33:56 2026: Starting Socket connection
Thu Jan 22 12:34:00 2026: Dispatch Server: Accepted socket connection from client
Thu Jan 22 12:34:00 2026: Starting Socket connection
Thu Jan 22 12:34:51 2026: Dispatch Server: Accepted socket connection from client
Thu Jan 22 12:34:51 2026: Starting Socket connection
Thu Jan 22 12:34:56 2026: Dispatch Server: Accepted socket connection from client
Thu Jan 22 12:34:56 2026: Starting Socket connection
Thu Jan 22 12:35:08 2026: Dispatch Server: Accepted socket connection from client
Thu Jan 22 12:35:08 2026: Starting Socket connection
Thu Jan 22 12:35:15 2026: Dispatch Server: Accepted socket connection from client
Thu Jan 22 12:35:15 2026: Starting Socket connection
Thu Jan 22 12:35:20 2026: Dispatch Server: Accepted socket connection from client
Thu Jan 22 12:35:20 2026: Starting Socket connection
Thu Jan 22 12:35:25 2026: Dispatch Server: Accepted socket connection from client
Thu Jan 22 12:35:25 2026: Starting Socket connection
Thu Jan 22 12:35:35 2026: Dispatch Server: Accepted socket connection from client
Thu Jan 22 12:35:35 2026: Starting Socket connection
Thu Jan 22 12:35:35 2026: Dispatch Server: Accepted socket connection from client
Thu Jan 22 12:35:35 2026: Starting Socket connection
Thu Jan 22 12:36:01 2026: Dispatch Server: Accepted socket connection from client
Thu Jan 22 12:36:01 2026: Starting Socket connection
Thu Jan 22 12:36:51 2026: Dispatch Server: Accepted socket connection from client
Thu Jan 22 12:36:51 2026: Starting Socket connection
Thu Jan 22 12:37:06 2026: Dispatch Server: Accepted socket connection from client
Thu Jan 22 12:37:06 2026: Starting Socket connection
Thu Jan 22 12:37:26 2026: Dispatch Server: Accepted socket connection from client
Thu Jan 22 12:37:26 2026: Starting Socket connection
Thu Jan 22 12:37:26 2026: Dispatch Server: Accepted socket connection from client
Thu Jan 22 12:37:26 2026: Starting Socket connection
Thu Jan 22 12:37:36 2026: Dispatch Server: Accepted socket connection from client
Thu Jan 22 12:37:36 2026: Starting Socket connection
Thu Jan 22 12:37:50 2026: Dispatch Server: Accepted socket connection from client
Thu Jan 22 12:37:50 2026: Starting Socket connection
Thu Jan 22 12:38:36 2026: Dispatch Server: Accepted socket connection from client
Thu Jan 22 12:38:36 2026: Starting Socket connection
Thu Jan 22 12:38:36 2026: Dispatch Server: Accepted socket connection from client
Thu Jan 22 12:38:36 2026: Starting Socket connection
Thu Jan 22 12:43:35 2026: Dispatch Server: Accepted socket connection from client
Thu Jan 22 12:43:35 2026: Starting Socket connection
Thu Jan 22 12:44:34 2026: Dispatch Server: Accepted socket connection from client
Thu Jan 22 12:44:34 2026: Starting Socket connection
Thu Jan 22 12:55:55 2026: SESSION_MGR: closing session for UUID '0e701e1d-007b-4e11-932f-bbd5ad97a549' with name 'v++_link_imagerendererhls'
Thu Jan 22 12:55:55 2026: KERNEL_SVC: closing session for UUID '0e701e1d-007b-4e11-932f-bbd5ad97a549' with name 'v++_link_imagerendererhls'
Thu Jan 22 12:55:55 2026: GUIDANCE_SMGR: closing session for UUID '0e701e1d-007b-4e11-932f-bbd5ad97a549' with name 'v++_link_imagerendererhls'
Thu Jan 22 12:55:55 2026: SYSTEM_DIAGRAM: closing session for UUID '0e701e1d-007b-4e11-932f-bbd5ad97a549' with name 'v++_link_imagerendererhls'
Thu Jan 22 12:55:55 2026: STOP_SERVER received, server token: fc535201-946d-4323-9b44-19bc91d40457, passed token: fc535201-946d-4323-9b44-19bc91d40457
Thu Jan 22 12:55:55 2026: DISPATCH_HANDLER: 2 connections are active. Stop request denied.
