INFO: [v++ 60-1306] Additional information associated with this v++ compile can be found at:
	Reports: /home/emanuel/workspace/mesh_vo/MultiPlatformDiffRenderer/src/backends/xrt/hls/build/xo/_x/reports/imagerendererhls
	Log files: /home/emanuel/workspace/mesh_vo/MultiPlatformDiffRenderer/src/backends/xrt/hls/build/xo/_x/logs/imagerendererhls
INFO: [v++ 60-1548] Creating build summary session with primary output /home/emanuel/workspace/mesh_vo/MultiPlatformDiffRenderer/src/backends/xrt/hls/build/xo/imagerendererhls.xo.compile_summary, at Thu Jan 22 12:29:57 2026
INFO: [v++ 60-1315] Creating rulecheck session with output '/home/emanuel/workspace/mesh_vo/MultiPlatformDiffRenderer/src/backends/xrt/hls/build/xo/_x/reports/imagerendererhls/v++_compile_imagerendererhls_guidance.html', at Thu Jan 22 12:29:57 2026
INFO: [v++ 60-895]   Target platform: /home/emanuel/workspace/visual_odometry_vitis/platform/kv260/step2_pfm/build/platform/kv260_custom/export/kv260_custom/kv260_custom.xpfm
INFO: [v++ 60-1578]   This platform contains Xilinx Shell Archive '/home/emanuel/workspace/visual_odometry_vitis/platform/kv260/step2_pfm/build/platform/kv260_custom/export/kv260_custom/hw/kv260_hardware_platform.xsa'
INFO: [v++ 60-585] Compiling for hardware target
INFO: [v++ 60-423]   Target device: kv260_custom
INFO: [v++ 60-242] Creating kernel: 'ImageRenderHLS'

===>The following messages were generated while  performing high-level synthesis for kernel: ImageRenderHLS Log file: /home/emanuel/workspace/mesh_vo/MultiPlatformDiffRenderer/src/backends/xrt/hls/build/xo/_x/imagerendererhls/ImageRenderHLS/vitis_hls.log :
INFO: [v++ 204-61] Pipelining loop 'se3_matrix_loop_r'.
INFO: [v++ 200-1470] Pipelining result : Target II = NA, Final II = 1, Depth = 2, loop 'se3_matrix_loop_r'
INFO: [v++ 204-61] Pipelining loop 'renderbase_reset_depth_buffer_loop'.
INFO: [v++ 200-1470] Pipelining result : Target II = NA, Final II = 1, Depth = 1, loop 'renderbase_reset_depth_buffer_loop'
INFO: [v++ 204-61] Pipelining loop 'create_triangle_loop'.
INFO: [v++ 200-1470] Pipelining result : Target II = NA, Final II = 1, Depth = 124, loop 'create_triangle_loop'
INFO: [v++ 204-61] Pipelining function 'fragment_shader'.
INFO: [v++ 200-1470] Pipelining result : Target II = NA, Final II = 1, Depth = 149, function 'fragment_shader'
INFO: [v++ 204-61] Pipelining loop 'draw_triangle_y_loop_draw_triangle_x_loop'.
INFO: [v++ 200-1470] Pipelining result : Target II = NA, Final II = 151, Depth = 262, loop 'draw_triangle_y_loop_draw_triangle_x_loop'
INFO: [v++ 204-61] Pipelining loop 'depthrendererbase_sync_outtexture_y_loop_depthrendererbase_sync_outtexture_x_loop'.
INFO: [v++ 200-1470] Pipelining result : Target II = NA, Final II = 1, Depth = 75, loop 'depthrendererbase_sync_outtexture_y_loop_depthrendererbase_sync_outtexture_x_loop'
INFO: [v++ 200-789] **** Estimated Fmax: 246.63 MHz
INFO: [v++ 60-594] Finished kernel compilation
INFO: [v++ 60-244] Generating system estimate report...
INFO: [v++ 60-1092] Generated system estimate report: /home/emanuel/workspace/mesh_vo/MultiPlatformDiffRenderer/src/backends/xrt/hls/build/xo/_x/reports/imagerendererhls/system_estimate_imagerendererhls.xtxt
INFO: [v++ 60-586] Created /home/emanuel/workspace/mesh_vo/MultiPlatformDiffRenderer/src/backends/xrt/hls/build/xo/imagerendererhls.xo
INFO: [v++ 60-2343] Use the Vitis Unified IDE to visualize and navigate the reports. Run the following command. 
    vitis -a/ --analyze /home/emanuel/workspace/mesh_vo/MultiPlatformDiffRenderer/src/backends/xrt/hls/build/xo/imagerendererhls.xo.compile_summary 
INFO: [v++ 60-791] Total elapsed time: 0h 1m 48s
INFO: [v++ 60-1653] Closing dispatch client.
