Thu Jan 22 12:29:56 2026: Running xcd server. This server was built by gradle.
Thu Jan 22 12:29:56 2026: Server was asked to start on port: '38401'
Thu Jan 22 12:29:56 2026: Server is using token UUID: 'fc176885-b4fb-47ad-bca8-5fce54f19018'
Thu Jan 22 12:29:56 2026: SESSION_MGR: creating session with session uuid: '6d04a3e9-ade5-4ab9-8d63-1f78fcd2ec76' and name 'default'
Thu Jan 22 12:29:56 2026: Attempting to start server on port '38401'
Thu Jan 22 12:29:56 2026: XCD main fifo: created main fifo '/tmp/xcdmainfc176885-b4fb-47ad-bca8-5fce54f19018', fd read = 13
Thu Jan 22 12:29:56 2026: Running Dispatch Server
Thu Jan 22 12:29:56 2026: Version 2.2.0
Thu Jan 22 12:29:57 2026: Dispatch Server: Accepted socket connection from client
Thu Jan 22 12:29:57 2026: Starting Socket connection
Thu Jan 22 12:29:57 2026: EXCHANGE_TOKEN received, server token: fc176885-b4fb-47ad-bca8-5fce54f19018, passed token: fc176885-b4fb-47ad-bca8-5fce54f19018
Thu Jan 22 12:29:57 2026: DISPATCH_HANDLER: Adding handler from function makeHandler in library libxv_system_diagram
Thu Jan 22 12:29:57 2026: SESSION_MGR: creating session with session uuid: '6fa68c47-11fa-406d-9615-672868280a50' and name 'v++_compile_imagerendererhls'
Thu Jan 22 12:29:57 2026: KERNEL_SVC: creating session with uuid: '6fa68c47-11fa-406d-9615-672868280a50' and name 'v++_compile_imagerendererhls'
Thu Jan 22 12:29:57 2026: GUIDANCE_SMGR: creating guidance session with uuid: '6fa68c47-11fa-406d-9615-672868280a50' and name 'v++_compile_imagerendererhls'
Thu Jan 22 12:29:57 2026: SYSTEM_DIAGRAM: creating session with uuid: '6fa68c47-11fa-406d-9615-672868280a50' and name 'v++_compile_imagerendererhls'
Thu Jan 22 12:31:43 2026: SESSION_MGR: closing session for UUID '6fa68c47-11fa-406d-9615-672868280a50' with name 'v++_compile_imagerendererhls'
Thu Jan 22 12:31:43 2026: KERNEL_SVC: closing session for UUID '6fa68c47-11fa-406d-9615-672868280a50' with name 'v++_compile_imagerendererhls'
Thu Jan 22 12:31:43 2026: GUIDANCE_SMGR: closing session for UUID '6fa68c47-11fa-406d-9615-672868280a50' with name 'v++_compile_imagerendererhls'
Thu Jan 22 12:31:43 2026: SYSTEM_DIAGRAM: closing session for UUID '6fa68c47-11fa-406d-9615-672868280a50' with name 'v++_compile_imagerendererhls'
Thu Jan 22 12:31:43 2026: STOP_SERVER received, server token: fc176885-b4fb-47ad-bca8-5fce54f19018, passed token: fc176885-b4fb-47ad-bca8-5fce54f19018
Thu Jan 22 12:31:43 2026: Socket received request to stop server.
Thu Jan 22 12:31:43 2026: Dispatch Server: do_await_stop
Thu Jan 22 12:31:43 2026: Dispatch Server: stopping mainFifo_
Thu Jan 22 12:31:43 2026: XCD main fifo: Stopping
Thu Jan 22 12:31:43 2026: XCD main fifo: do_read error code: Operation canceled
Thu Jan 22 12:31:43 2026: XCD main fifo: bytes_transferred: 0
Thu Jan 22 12:31:43 2026: SERVER: destructor for server bound to port 38401
Thu Jan 22 12:31:43 2026: XCD main fifo: Good unlink of /tmp/xcdmainfc176885-b4fb-47ad-bca8-5fce54f19018
Thu Jan 22 12:31:43 2026: Server exiting with status 0.
Thu Jan 22 12:31:43 2026: Closing log file.
