Copyright 1986-2022 Xilinx, Inc. All Rights Reserved. Copyright 2022-2024 Advanced Micro Devices, Inc. All Rights Reserved.
-----------------------------------------------------------------------------------------------------------------------------------------------------------------------------------------
| Tool Version : Vivado v.2024.2 (lin64) Build 5239630 Fri Nov 08 22:34:34 MST 2024
| Date         : Thu Jan 22 12:45:34 2026
| Host         : HP-ProBook-445-G7 running 64-bit Ubuntu 24.04.3 LTS
| Command      : report_accelerator_utilization -kernels { ImageRenderHLS:system_i/ImageRenderHLS_1/inst:ImageRenderHLS_1} -file kernel_util_synthed.rpt -name kernel_util_synthed -json
| Design       : system_wrapper
| Device       : xck26
| Design State : Synthesized
-----------------------------------------------------------------------------------------------------------------------------------------------------------------------------------------

Accelerator Utilization Design Information

Table of Contents
-----------------
1. System Utilization

1. System Utilization
---------------------

+---------------------+------------------+-----------------+------------------+---------------+--------------+----------------+
| Name                | LUT              | LUTAsMem        | REG              | BRAM          | URAM         | DSP            |
+---------------------+------------------+-----------------+------------------+---------------+--------------+----------------+
| Platform            |   6240 [  5.33%] |   839 [  1.46%] |   8164 [  3.49%] |  16 [ 11.11%] |  0 [  0.00%] |    0 [  0.00%] |
| User Budget         | 110880 [100.00%] | 56761 [100.00%] | 226076 [100.00%] | 128 [100.00%] | 64 [100.00%] | 1248 [100.00%] |
|    Used Resources   |  32525 [ 29.33%] |  2955 [  5.21%] |  39355 [ 17.41%] |  28 [ 21.88%] |  0 [  0.00%] |  200 [ 16.03%] |
|    Unused Resources |  78355 [ 70.67%] | 53806 [ 94.79%] | 186721 [ 82.59%] | 100 [ 78.13%] | 64 [100.00%] | 1048 [ 83.97%] |
| ImageRenderHLS      |  32525 [ 29.33%] |  2955 [  5.21%] |  39355 [ 17.41%] |  28 [ 21.88%] |  0 [  0.00%] |  200 [ 16.03%] |
|    ImageRenderHLS_1 |  32525 [ 29.33%] |  2955 [  5.21%] |  39355 [ 17.41%] |  28 [ 21.88%] |  0 [  0.00%] |  200 [ 16.03%] |
+---------------------+------------------+-----------------+------------------+---------------+--------------+----------------+


