Copyright 1986-2022 Xilinx, Inc. All Rights Reserved. Copyright 2022-2024 Advanced Micro Devices, Inc. All Rights Reserved.
---------------------------------------------------------------------------------------------------------------------------------------------
| Tool Version : Vivado v.2024.2 (lin64) Build 5239630 Fri Nov 08 22:34:34 MST 2024
| Date         : Thu Jan 22 12:51:28 2026
| Host         : HP-ProBook-445-G7 running 64-bit Ubuntu 24.04.3 LTS
| Command      : report_utilization -slr -file slr_util_placed.rpt -pb slr_util_placed.pb
| Design       : system_wrapper
| Device       : xck26-sfvc784-2LV-c
| Speed File   : -2LV
| Design State : Fully Placed
---------------------------------------------------------------------------------------------------------------------------------------------

Utilization Design Information

Table of Contents
-----------------
1. CLB Logic
1.1 Summary of Registers by Type
2. CLB Logic Distribution
3. BLOCKRAM
4. ARITHMETIC
5. I/O
6. CLOCK
7. ADVANCED
8. CONFIGURATION
9. Primitives
10. Black Boxes
11. Instantiated Netlists

1. CLB Logic
------------

+----------------------------+-------+-------+------------+-----------+-------+
|          Site Type         |  Used | Fixed | Prohibited | Available | Util% |
+----------------------------+-------+-------+------------+-----------+-------+
| CLB LUTs                   | 33354 |     0 |          0 |    117120 | 28.48 |
|   LUT as Logic             | 30428 |     0 |          0 |    117120 | 25.98 |
|   LUT as Memory            |  2926 |     0 |          0 |     57600 |  5.08 |
|     LUT as Distributed RAM |   816 |     0 |            |           |       |
|     LUT as Shift Register  |  2110 |     0 |            |           |       |
| CLB Registers              | 45513 |     0 |          0 |    234240 | 19.43 |
|   Register as Flip Flop    | 45513 |     0 |          0 |    234240 | 19.43 |
|   Register as Latch        |     0 |     0 |          0 |    234240 |  0.00 |
| CARRY8                     |  1589 |     0 |          0 |     14640 | 10.85 |
| F7 Muxes                   |   556 |     0 |          0 |     58560 |  0.95 |
| F8 Muxes                   |     2 |     0 |          0 |     29280 | <0.01 |
| F9 Muxes                   |     0 |     0 |          0 |     14640 |  0.00 |
+----------------------------+-------+-------+------------+-----------+-------+
* Warning! LUT value is adjusted to account for LUT combining.


1.1 Summary of Registers by Type
--------------------------------

+-------+--------------+-------------+--------------+
| Total | Clock Enable | Synchronous | Asynchronous |
+-------+--------------+-------------+--------------+
| 0     |            _ |           - |            - |
| 0     |            _ |           - |          Set |
| 0     |            _ |           - |        Reset |
| 0     |            _ |         Set |            - |
| 0     |            _ |       Reset |            - |
| 0     |          Yes |           - |            - |
| 145   |          Yes |           - |          Set |
| 177   |          Yes |           - |        Reset |
| 235   |          Yes |         Set |            - |
| 44956 |          Yes |       Reset |            - |
+-------+--------------+-------------+--------------+


2. CLB Logic Distribution
-------------------------

+--------------------------------------------+-------+-------+------------+-----------+-------+
|                  Site Type                 |  Used | Fixed | Prohibited | Available | Util% |
+--------------------------------------------+-------+-------+------------+-----------+-------+
| CLB                                        |  7250 |     0 |          0 |     14640 | 49.52 |
|   CLBL                                     |  3341 |     0 |            |           |       |
|   CLBM                                     |  3909 |     0 |            |           |       |
| LUT as Logic                               | 30428 |     0 |          0 |    117120 | 25.98 |
|   using O5 output only                     |   390 |       |            |           |       |
|   using O6 output only                     | 22467 |       |            |           |       |
|   using O5 and O6                          |  7571 |       |            |           |       |
| LUT as Memory                              |  2926 |     0 |          0 |     57600 |  5.08 |
|   LUT as Distributed RAM                   |   816 |     0 |            |           |       |
|     using O5 output only                   |     0 |       |            |           |       |
|     using O6 output only                   |     0 |       |            |           |       |
|     using O5 and O6                        |   816 |       |            |           |       |
|   LUT as Shift Register                    |  2110 |     0 |            |           |       |
|     using O5 output only                   |     0 |       |            |           |       |
|     using O6 output only                   |  1915 |       |            |           |       |
|     using O5 and O6                        |   195 |       |            |           |       |
| CLB Registers                              | 45513 |     0 |          0 |    234240 | 19.43 |
|   Register driven from within the CLB      | 20316 |       |            |           |       |
|   Register driven from outside the CLB     | 25197 |       |            |           |       |
|     LUT in front of the register is unused | 17153 |       |            |           |       |
|     LUT in front of the register is used   |  8044 |       |            |           |       |
| Unique Control Sets                        |  1094 |       |          0 |     29280 |  3.74 |
+--------------------------------------------+-------+-------+------------+-----------+-------+
* * Note: Available Control Sets calculated as Slices * 2, Review the Control Sets Report for more information regarding control sets.


3. BLOCKRAM
-----------

+-------------------+------+-------+------------+-----------+-------+
|     Site Type     | Used | Fixed | Prohibited | Available | Util% |
+-------------------+------+-------+------------+-----------+-------+
| Block RAM Tile    | 38.5 |     0 |          0 |       144 | 26.74 |
|   RAMB36/FIFO*    |   21 |     0 |          0 |       144 | 14.58 |
|     RAMB36E2 only |   21 |       |            |           |       |
|   RAMB18          |   35 |     0 |          0 |       288 | 12.15 |
|     RAMB18E2 only |   35 |       |            |           |       |
| URAM              |    0 |     0 |          0 |        64 |  0.00 |
+-------------------+------+-------+------------+-----------+-------+
* Note: Each Block RAM Tile only has one FIFO logic available and therefore can accommodate only one FIFO36E2 or one FIFO18E2. However, if a FIFO18E2 occupies a Block RAM Tile, that tile can still accommodate a RAMB18E2


4. ARITHMETIC
-------------

+----------------+------+-------+------------+-----------+-------+
|    Site Type   | Used | Fixed | Prohibited | Available | Util% |
+----------------+------+-------+------------+-----------+-------+
| DSPs           |  200 |     0 |          0 |      1248 | 16.03 |
|   DSP48E2 only |  200 |       |            |           |       |
+----------------+------+-------+------------+-----------+-------+


5. I/O
------

+------------------+------+-------+------------+-----------+-------+
|     Site Type    | Used | Fixed | Prohibited | Available | Util% |
+------------------+------+-------+------------+-----------+-------+
| Bonded IOB       |    0 |     0 |          0 |       189 |  0.00 |
| HPIOB_M          |    0 |     0 |          0 |        58 |  0.00 |
| HPIOB_S          |    0 |     0 |          0 |        58 |  0.00 |
| HDIOB_M          |    0 |     0 |          0 |        35 |  0.00 |
| HDIOB_S          |    0 |     0 |          0 |        35 |  0.00 |
| HPIOB_SNGL       |    0 |     0 |          0 |         3 |  0.00 |
| HPIOBDIFFINBUF   |    0 |     0 |          0 |        82 |  0.00 |
| HPIOBDIFFOUTBUF  |    0 |     0 |          0 |        82 |  0.00 |
| HDIOBDIFFINBUF   |    0 |     0 |          0 |        35 |  0.00 |
| BITSLICE_CONTROL |    0 |     0 |          0 |        32 |  0.00 |
| BITSLICE_RX_TX   |    0 |     0 |          0 |      1248 |  0.00 |
| BITSLICE_TX      |    0 |     0 |          0 |        32 |  0.00 |
| RIU_OR           |    0 |     0 |          0 |        16 |  0.00 |
+------------------+------+-------+------------+-----------+-------+


6. CLOCK
--------

+------------+------+-------+------------+-----------+-------+
|  Site Type | Used | Fixed | Prohibited | Available | Util% |
+------------+------+-------+------------+-----------+-------+
| BUFGCE     |    2 |     0 |          0 |       112 |  1.79 |
| BUFGCE_DIV |    0 |     0 |          0 |        16 |  0.00 |
| BUFG_GT    |    0 |     0 |          0 |        96 |  0.00 |
| BUFG_PS    |    1 |     0 |          0 |        96 |  1.04 |
| BUFGCTRL*  |    0 |     0 |          0 |        32 |  0.00 |
| PLL        |    0 |     0 |          0 |         8 |  0.00 |
| MMCM       |    1 |     0 |          0 |         4 | 25.00 |
+------------+------+-------+------------+-----------+-------+
* Note: Each used BUFGCTRL counts as two GLOBAL CLOCK BUFFERs. This table does not include global clocking resources, only buffer cell usage. See the Clock Utilization Report (report_clock_utilization) for detailed accounting of global clocking resource availability.


7. ADVANCED
-----------

+-----------------+------+-------+------------+-----------+--------+
|    Site Type    | Used | Fixed | Prohibited | Available |  Util% |
+-----------------+------+-------+------------+-----------+--------+
| GTHE4_CHANNEL   |    0 |     0 |          0 |         4 |   0.00 |
| GTHE4_COMMON    |    0 |     0 |          0 |         1 |   0.00 |
| OBUFDS_GTE4     |    0 |     0 |          0 |         2 |   0.00 |
| OBUFDS_GTE4_ADV |    0 |     0 |          0 |         2 |   0.00 |
| PCIE40E4        |    0 |     0 |          0 |         2 |   0.00 |
| PS8             |    1 |     0 |          0 |         1 | 100.00 |
| SYSMONE4        |    0 |     0 |          0 |         1 |   0.00 |
| VCU             |    0 |     0 |          0 |         1 |   0.00 |
+-----------------+------+-------+------------+-----------+--------+


8. CONFIGURATION
----------------

+-------------+------+-------+------------+-----------+-------+
|  Site Type  | Used | Fixed | Prohibited | Available | Util% |
+-------------+------+-------+------------+-----------+-------+
| BSCANE2     |    0 |     0 |          0 |         4 |  0.00 |
| DNA_PORTE2  |    0 |     0 |          0 |         1 |  0.00 |
| EFUSE_USR   |    0 |     0 |          0 |         1 |  0.00 |
| FRAME_ECCE4 |    0 |     0 |          0 |         1 |  0.00 |
| ICAPE3      |    0 |     0 |          0 |         2 |  0.00 |
| MASTER_JTAG |    0 |     0 |          0 |         1 |  0.00 |
| STARTUPE3   |    0 |     0 |          0 |         1 |  0.00 |
+-------------+------+-------+------------+-----------+-------+


9. Primitives
-------------

+------------+-------+---------------------+
|  Ref Name  |  Used | Functional Category |
+------------+-------+---------------------+
| FDRE       | 44956 |            Register |
| LUT3       | 10613 |                 CLB |
| LUT6       | 10242 |                 CLB |
| LUT2       |  5829 |                 CLB |
| LUT4       |  5664 |                 CLB |
| LUT5       |  4840 |                 CLB |
| CARRY8     |  1589 |                 CLB |
| SRLC32E    |  1563 |                 CLB |
| RAMD32     |  1400 |                 CLB |
| LUT1       |   811 |                 CLB |
| SRL16E     |   742 |                 CLB |
| MUXF7      |   556 |                 CLB |
| FDSE       |   235 |            Register |
| RAMS32     |   232 |                 CLB |
| DSP48E2    |   200 |          Arithmetic |
| FDCE       |   177 |            Register |
| FDPE       |   145 |            Register |
| RAMB18E2   |    35 |            BLOCKRAM |
| RAMB36E2   |    21 |            BLOCKRAM |
| MUXF8      |     2 |                 CLB |
| BUFGCE     |     2 |               Clock |
| PS8        |     1 |            Advanced |
| MMCME4_ADV |     1 |               Clock |
| BUFG_PS    |     1 |               Clock |
+------------+-------+---------------------+


10. Black Boxes
---------------

+----------+------+
| Ref Name | Used |
+----------+------+


11. Instantiated Netlists
-------------------------

+-----------------------------------------------------------------------+------+
|                                Ref Name                               | Used |
+-----------------------------------------------------------------------+------+
| system_zynq_ultra_ps_e_0_0                                            |    1 |
| system_ps8_0_axi_periph_upgraded_ipi_imp_xbar_0                       |    1 |
| system_ps8_0_axi_periph_imp_m01_regslice_0                            |    1 |
| system_ps8_0_axi_periph_imp_auto_pc_0                                 |    1 |
| system_proc_sys_reset_2_0                                             |    1 |
| system_clk_wiz_0_0                                                    |    1 |
| system_axi_intc_0_0                                                   |    1 |
| system_axi_ic_zynq_ultra_ps_e_0_S_AXI_HP2_FPD_upgraded_ipi_imp_xbar_0 |    1 |
| system_axi_ic_zynq_ultra_ps_e_0_S_AXI_HP2_FPD_imp_s05_regslice_0      |    1 |
| system_axi_ic_zynq_ultra_ps_e_0_S_AXI_HP2_FPD_imp_s04_regslice_0      |    1 |
| system_axi_ic_zynq_ultra_ps_e_0_S_AXI_HP2_FPD_imp_s03_regslice_0      |    1 |
| system_axi_ic_zynq_ultra_ps_e_0_S_AXI_HP2_FPD_imp_s02_regslice_0      |    1 |
| system_axi_ic_zynq_ultra_ps_e_0_S_AXI_HP2_FPD_imp_s01_regslice_0      |    1 |
| system_axi_ic_zynq_ultra_ps_e_0_S_AXI_HP2_FPD_imp_s00_regslice_0      |    1 |
| system_axi_ic_zynq_ultra_ps_e_0_S_AXI_HP2_FPD_imp_m00_regslice_0      |    1 |
| system_axi_ic_zynq_ultra_ps_e_0_S_AXI_HP2_FPD_imp_m00_data_fifo_0     |    1 |
| system_axi_ic_zynq_ultra_ps_e_0_S_AXI_HP2_FPD_imp_auto_us_df_5        |    1 |
| system_axi_ic_zynq_ultra_ps_e_0_S_AXI_HP2_FPD_imp_auto_us_df_4        |    1 |
| system_axi_ic_zynq_ultra_ps_e_0_S_AXI_HP2_FPD_imp_auto_us_df_3        |    1 |
| system_axi_ic_zynq_ultra_ps_e_0_S_AXI_HP2_FPD_imp_auto_us_df_2        |    1 |
| system_axi_ic_zynq_ultra_ps_e_0_S_AXI_HP2_FPD_imp_auto_us_df_1        |    1 |
| system_axi_ic_zynq_ultra_ps_e_0_S_AXI_HP2_FPD_imp_auto_us_df_0        |    1 |
| system_ImageRenderHLS_1_0                                             |    1 |
+-----------------------------------------------------------------------+------+


