Copyright 1986-2022 Xilinx, Inc. All Rights Reserved. Copyright 2022-2024 Advanced Micro Devices, Inc. All Rights Reserved.
---------------------------------------------------------------------------------------------------------------------------------------------------------------------------------------
| Tool Version : Vivado v.2024.2 (lin64) Build 5239630 Fri Nov 08 22:34:34 MST 2024
| Date         : Thu Jan 22 12:55:06 2026
| Host         : HP-ProBook-445-G7 running 64-bit Ubuntu 24.04.3 LTS
| Command      : report_accelerator_utilization -kernels { ImageRenderHLS:system_i/ImageRenderHLS_1/inst:ImageRenderHLS_1} -file kernel_util_routed.rpt -name kernel_util_routed -json
| Design       : system_wrapper
| Device       : xck26
| Design State : Routed
---------------------------------------------------------------------------------------------------------------------------------------------------------------------------------------

Accelerator Utilization Design Information

Table of Contents
-----------------
1. System Utilization

1. System Utilization
---------------------

+---------------------+------------------+-----------------+------------------+---------------+--------------+----------------+
| Name                | LUT              | LUTAsMem        | REG              | BRAM          | URAM         | DSP            |
+---------------------+------------------+-----------------+------------------+---------------+--------------+----------------+
| Platform            |   4229 [  3.61%] |   620 [  1.08%] |   6554 [  2.80%] |  10 [  6.94%] |  0 [  0.00%] |    0 [  0.00%] |
| User Budget         | 112891 [100.00%] | 56980 [100.00%] | 227686 [100.00%] | 134 [100.00%] | 64 [100.00%] | 1248 [100.00%] |
|    Used Resources   |  29128 [ 25.80%] |  2306 [  4.05%] |  38959 [ 17.11%] |  28 [ 20.90%] |  0 [  0.00%] |  200 [ 16.03%] |
|    Unused Resources |  83763 [ 74.20%] | 54674 [ 95.95%] | 188727 [ 82.89%] | 106 [ 79.10%] | 64 [100.00%] | 1048 [ 83.97%] |
| ImageRenderHLS      |  29128 [ 25.80%] |  2306 [  4.05%] |  38959 [ 17.11%] |  28 [ 20.90%] |  0 [  0.00%] |  200 [ 16.03%] |
|    ImageRenderHLS_1 |  29128 [ 25.80%] |  2306 [  4.05%] |  38959 [ 17.11%] |  28 [ 20.90%] |  0 [  0.00%] |  200 [ 16.03%] |
+---------------------+------------------+-----------------+------------------+---------------+--------------+----------------+


