
*** Running vivado
    with args -log system_axi_ic_zynq_ultra_ps_e_0_S_AXI_HP2_FPD_imp_m00_regslice_0.vds -m64 -product Vivado -mode batch -messageDb vivado.pb -notrace -source system_axi_ic_zynq_ultra_ps_e_0_S_AXI_HP2_FPD_imp_m00_regslice_0.tcl


****** Vivado v2024.2 (64-bit)
  **** SW Build 5239630 on Fri Nov 08 22:34:34 MST 2024
  **** IP Build 5239520 on Sun Nov 10 16:12:51 MST 2024
  **** SharedData Build 5239561 on Fri Nov 08 14:39:27 MST 2024
  **** Start of session at: Thu Jan 22 12:36:48 2026
    ** Copyright 1986-2022 Xilinx, Inc. All Rights Reserved.
    ** Copyright 2022-2024 Advanced Micro Devices, Inc. All Rights Reserved.

source system_axi_ic_zynq_ultra_ps_e_0_S_AXI_HP2_FPD_imp_m00_regslice_0.tcl -notrace
INFO: Dispatch client connection id - 36697
INFO: [IP_Flow 19-234] Refreshing IP repositories
INFO: [IP_Flow 19-1700] Loaded user IP repository '/home/emanuel/workspace/mesh_vo/MultiPlatformDiffRenderer/src/backends/xrt/hls/build/xclbin/_x/link/int/xo/ip_repo/xilinx_com_hls_ImageRenderHLS_1_0'.
INFO: [IP_Flow 19-1700] Loaded user IP repository '/home/emanuel/workspace/mesh_vo/MultiPlatformDiffRenderer/src/backends/xrt/hls/build/xclbin/_x/link/vivado/vpl/.local/hw_platform/ipcache'.
INFO: [IP_Flow 19-1700] Loaded user IP repository '/tools/Xilinx/Vitis/2024.2/data/ip'.
INFO: [IP_Flow 19-2313] Loaded Vivado IP repository '/tools/Xilinx/Vivado/2024.2/data/ip'.
INFO: [IP_Flow 19-6924] IPCACHE: Running cache check for IP inst: system_axi_ic_zynq_ultra_ps_e_0_S_AXI_HP2_FPD_imp_m00_regslice_0
Command: synth_design -top system_axi_ic_zynq_ultra_ps_e_0_S_AXI_HP2_FPD_imp_m00_regslice_0 -part xck26-sfvc784-2LV-c -incremental_mode off -mode out_of_context
Starting synth_design
Attempting to get a license for feature 'Synthesis' and/or device 'xck26'
INFO: [Common 17-349] Got license for feature 'Synthesis' and/or device 'xck26'
INFO: [Device 21-403] Loading part xck26-sfvc784-2LV-c
INFO: [Synth 8-7079] Multithreading enabled for synth_design using a maximum of 1 processes.
INFO: [Synth 8-7078] Launching helper process for spawning children vivado processes
INFO: [Synth 8-7075] Helper process launched with PID 1001838
---------------------------------------------------------------------------------
Starting RTL Elaboration : Time (s): cpu = 00:00:05 ; elapsed = 00:00:05 . Memory (MB): peak = 2445.340 ; gain = 126.688 ; free physical = 2670 ; free virtual = 10584
---------------------------------------------------------------------------------
INFO: [Synth 8-6157] synthesizing module 'system_axi_ic_zynq_ultra_ps_e_0_S_AXI_HP2_FPD_imp_m00_regslice_0' [/home/emanuel/workspace/mesh_vo/MultiPlatformDiffRenderer/src/backends/xrt/hls/build/xclbin/_x/link/vivado/vpl/prj/prj.gen/sources_1/bd/system/ip/system_axi_ic_zynq_ultra_ps_e_0_S_AXI_HP2_FPD_imp_m00_regslice_0/synth/system_axi_ic_zynq_ultra_ps_e_0_S_AXI_HP2_FPD_imp_m00_regslice_0.v:53]
INFO: [Synth 8-6157] synthesizing module 'axi_register_slice_v2_1_33_axi_register_slice' [/home/emanuel/workspace/mesh_vo/MultiPlatformDiffRenderer/src/backends/xrt/hls/build/xclbin/_x/link/vivado/vpl/prj/prj.gen/sources_1/bd/system/ipshared/3ee4/hdl/axi_register_slice_v2_1_vl_rfs.v:3721]
INFO: [Synth 8-6157] synthesizing module 'axi_infrastructure_v1_1_0_axi2vector' [/home/emanuel/workspace/mesh_vo/MultiPlatformDiffRenderer/src/backends/xrt/hls/build/xclbin/_x/link/vivado/vpl/prj/prj.gen/sources_1/bd/system/ipshared/ec67/hdl/axi_infrastructure_v1_1_vl_rfs.v:59]
INFO: [Synth 8-6155] done synthesizing module 'axi_infrastructure_v1_1_0_axi2vector' (0#1) [/home/emanuel/workspace/mesh_vo/MultiPlatformDiffRenderer/src/backends/xrt/hls/build/xclbin/_x/link/vivado/vpl/prj/prj.gen/sources_1/bd/system/ipshared/ec67/hdl/axi_infrastructure_v1_1_vl_rfs.v:59]
INFO: [Synth 8-6157] synthesizing module 'axi_infrastructure_v1_1_0_vector2axi' [/home/emanuel/workspace/mesh_vo/MultiPlatformDiffRenderer/src/backends/xrt/hls/build/xclbin/_x/link/vivado/vpl/prj/prj.gen/sources_1/bd/system/ipshared/ec67/hdl/axi_infrastructure_v1_1_vl_rfs.v:473]
INFO: [Synth 8-6155] done synthesizing module 'axi_infrastructure_v1_1_0_vector2axi' (0#1) [/home/emanuel/workspace/mesh_vo/MultiPlatformDiffRenderer/src/backends/xrt/hls/build/xclbin/_x/link/vivado/vpl/prj/prj.gen/sources_1/bd/system/ipshared/ec67/hdl/axi_infrastructure_v1_1_vl_rfs.v:473]
INFO: [Synth 8-6157] synthesizing module 'axi_register_slice_v2_1_33_axic_register_slice' [/home/emanuel/workspace/mesh_vo/MultiPlatformDiffRenderer/src/backends/xrt/hls/build/xclbin/_x/link/vivado/vpl/prj/prj.gen/sources_1/bd/system/ipshared/3ee4/hdl/axi_register_slice_v2_1_vl_rfs.v:1492]
INFO: [Synth 8-6155] done synthesizing module 'axi_register_slice_v2_1_33_axic_register_slice' (0#1) [/home/emanuel/workspace/mesh_vo/MultiPlatformDiffRenderer/src/backends/xrt/hls/build/xclbin/_x/link/vivado/vpl/prj/prj.gen/sources_1/bd/system/ipshared/3ee4/hdl/axi_register_slice_v2_1_vl_rfs.v:1492]
INFO: [Synth 8-6157] synthesizing module 'axi_register_slice_v2_1_33_axic_register_slice__parameterized0' [/home/emanuel/workspace/mesh_vo/MultiPlatformDiffRenderer/src/backends/xrt/hls/build/xclbin/_x/link/vivado/vpl/prj/prj.gen/sources_1/bd/system/ipshared/3ee4/hdl/axi_register_slice_v2_1_vl_rfs.v:1492]
INFO: [Synth 8-6155] done synthesizing module 'axi_register_slice_v2_1_33_axic_register_slice__parameterized0' (0#1) [/home/emanuel/workspace/mesh_vo/MultiPlatformDiffRenderer/src/backends/xrt/hls/build/xclbin/_x/link/vivado/vpl/prj/prj.gen/sources_1/bd/system/ipshared/3ee4/hdl/axi_register_slice_v2_1_vl_rfs.v:1492]
INFO: [Synth 8-6157] synthesizing module 'axi_register_slice_v2_1_33_axic_register_slice__parameterized1' [/home/emanuel/workspace/mesh_vo/MultiPlatformDiffRenderer/src/backends/xrt/hls/build/xclbin/_x/link/vivado/vpl/prj/prj.gen/sources_1/bd/system/ipshared/3ee4/hdl/axi_register_slice_v2_1_vl_rfs.v:1492]
INFO: [Synth 8-6155] done synthesizing module 'axi_register_slice_v2_1_33_axic_register_slice__parameterized1' (0#1) [/home/emanuel/workspace/mesh_vo/MultiPlatformDiffRenderer/src/backends/xrt/hls/build/xclbin/_x/link/vivado/vpl/prj/prj.gen/sources_1/bd/system/ipshared/3ee4/hdl/axi_register_slice_v2_1_vl_rfs.v:1492]
INFO: [Synth 8-6157] synthesizing module 'axi_register_slice_v2_1_33_axic_register_slice__parameterized2' [/home/emanuel/workspace/mesh_vo/MultiPlatformDiffRenderer/src/backends/xrt/hls/build/xclbin/_x/link/vivado/vpl/prj/prj.gen/sources_1/bd/system/ipshared/3ee4/hdl/axi_register_slice_v2_1_vl_rfs.v:1492]
INFO: [Synth 8-6155] done synthesizing module 'axi_register_slice_v2_1_33_axic_register_slice__parameterized2' (0#1) [/home/emanuel/workspace/mesh_vo/MultiPlatformDiffRenderer/src/backends/xrt/hls/build/xclbin/_x/link/vivado/vpl/prj/prj.gen/sources_1/bd/system/ipshared/3ee4/hdl/axi_register_slice_v2_1_vl_rfs.v:1492]
INFO: [Synth 8-6155] done synthesizing module 'axi_register_slice_v2_1_33_axi_register_slice' (0#1) [/home/emanuel/workspace/mesh_vo/MultiPlatformDiffRenderer/src/backends/xrt/hls/build/xclbin/_x/link/vivado/vpl/prj/prj.gen/sources_1/bd/system/ipshared/3ee4/hdl/axi_register_slice_v2_1_vl_rfs.v:3721]
INFO: [Synth 8-6155] done synthesizing module 'system_axi_ic_zynq_ultra_ps_e_0_S_AXI_HP2_FPD_imp_m00_regslice_0' (0#1) [/home/emanuel/workspace/mesh_vo/MultiPlatformDiffRenderer/src/backends/xrt/hls/build/xclbin/_x/link/vivado/vpl/prj/prj.gen/sources_1/bd/system/ip/system_axi_ic_zynq_ultra_ps_e_0_S_AXI_HP2_FPD_imp_m00_regslice_0/synth/system_axi_ic_zynq_ultra_ps_e_0_S_AXI_HP2_FPD_imp_m00_regslice_0.v:53]
WARNING: [Synth 8-7129] Port m_axi_buser[0] in module axi_infrastructure_v1_1_0_vector2axi is either unconnected or has no load
WARNING: [Synth 8-7129] Port m_axi_ruser[0] in module axi_infrastructure_v1_1_0_vector2axi is either unconnected or has no load
WARNING: [Synth 8-7129] Port s_axi_awuser[0] in module axi_infrastructure_v1_1_0_axi2vector is either unconnected or has no load
WARNING: [Synth 8-7129] Port s_axi_wid[2] in module axi_infrastructure_v1_1_0_axi2vector is either unconnected or has no load
WARNING: [Synth 8-7129] Port s_axi_wid[1] in module axi_infrastructure_v1_1_0_axi2vector is either unconnected or has no load
WARNING: [Synth 8-7129] Port s_axi_wid[0] in module axi_infrastructure_v1_1_0_axi2vector is either unconnected or has no load
WARNING: [Synth 8-7129] Port s_axi_wuser[0] in module axi_infrastructure_v1_1_0_axi2vector is either unconnected or has no load
WARNING: [Synth 8-7129] Port s_axi_aruser[0] in module axi_infrastructure_v1_1_0_axi2vector is either unconnected or has no load
WARNING: [Synth 8-7129] Port aclk2x in module axi_register_slice_v2_1_33_axi_register_slice is either unconnected or has no load
---------------------------------------------------------------------------------
Finished RTL Elaboration : Time (s): cpu = 00:00:07 ; elapsed = 00:00:07 . Memory (MB): peak = 2523.277 ; gain = 204.625 ; free physical = 2441 ; free virtual = 10356
---------------------------------------------------------------------------------
---------------------------------------------------------------------------------
Start Handling Custom Attributes
---------------------------------------------------------------------------------
---------------------------------------------------------------------------------
Finished Handling Custom Attributes : Time (s): cpu = 00:00:07 ; elapsed = 00:00:07 . Memory (MB): peak = 2529.215 ; gain = 210.562 ; free physical = 2441 ; free virtual = 10356
---------------------------------------------------------------------------------
---------------------------------------------------------------------------------
Finished RTL Optimization Phase 1 : Time (s): cpu = 00:00:07 ; elapsed = 00:00:07 . Memory (MB): peak = 2529.215 ; gain = 210.562 ; free physical = 2441 ; free virtual = 10356
---------------------------------------------------------------------------------
Netlist sorting complete. Time (s): cpu = 00:00:00.02 ; elapsed = 00:00:00.02 . Memory (MB): peak = 2529.215 ; gain = 0.000 ; free physical = 2441 ; free virtual = 10356
INFO: [Project 1-570] Preparing netlist for logic optimization

Processing XDC Constraints
Initializing timing engine
Parsing XDC File [/home/emanuel/workspace/mesh_vo/MultiPlatformDiffRenderer/src/backends/xrt/hls/build/xclbin/_x/link/vivado/vpl/prj/prj.gen/sources_1/bd/system/ip/system_axi_ic_zynq_ultra_ps_e_0_S_AXI_HP2_FPD_imp_m00_regslice_0/system_axi_ic_zynq_ultra_ps_e_0_S_AXI_HP2_FPD_imp_m00_regslice_0_ooc.xdc] for cell 'inst'
Finished Parsing XDC File [/home/emanuel/workspace/mesh_vo/MultiPlatformDiffRenderer/src/backends/xrt/hls/build/xclbin/_x/link/vivado/vpl/prj/prj.gen/sources_1/bd/system/ip/system_axi_ic_zynq_ultra_ps_e_0_S_AXI_HP2_FPD_imp_m00_regslice_0/system_axi_ic_zynq_ultra_ps_e_0_S_AXI_HP2_FPD_imp_m00_regslice_0_ooc.xdc] for cell 'inst'
Parsing XDC File [/home/emanuel/workspace/mesh_vo/MultiPlatformDiffRenderer/src/backends/xrt/hls/build/xclbin/_x/link/vivado/vpl/prj/prj.runs/system_axi_ic_zynq_ultra_ps_e_0_S_AXI_HP2_FPD_imp_m00_regslice_0_synth_1/dont_touch.xdc]
Finished Parsing XDC File [/home/emanuel/workspace/mesh_vo/MultiPlatformDiffRenderer/src/backends/xrt/hls/build/xclbin/_x/link/vivado/vpl/prj/prj.runs/system_axi_ic_zynq_ultra_ps_e_0_S_AXI_HP2_FPD_imp_m00_regslice_0_synth_1/dont_touch.xdc]
Parsing XDC File [/home/emanuel/workspace/mesh_vo/MultiPlatformDiffRenderer/src/backends/xrt/hls/build/xclbin/_x/link/vivado/vpl/prj/prj.gen/sources_1/bd/system/ip/system_axi_ic_zynq_ultra_ps_e_0_S_AXI_HP2_FPD_imp_m00_regslice_0/system_axi_ic_zynq_ultra_ps_e_0_S_AXI_HP2_FPD_imp_m00_regslice_0_clocks.xdc] for cell 'inst'
Finished Parsing XDC File [/home/emanuel/workspace/mesh_vo/MultiPlatformDiffRenderer/src/backends/xrt/hls/build/xclbin/_x/link/vivado/vpl/prj/prj.gen/sources_1/bd/system/ip/system_axi_ic_zynq_ultra_ps_e_0_S_AXI_HP2_FPD_imp_m00_regslice_0/system_axi_ic_zynq_ultra_ps_e_0_S_AXI_HP2_FPD_imp_m00_regslice_0_clocks.xdc] for cell 'inst'
Completed Processing XDC Constraints

Netlist sorting complete. Time (s): cpu = 00:00:00 ; elapsed = 00:00:00 . Memory (MB): peak = 2594.965 ; gain = 0.000 ; free physical = 2399 ; free virtual = 10380
INFO: [Project 1-111] Unisim Transformation Summary:
No Unisim elements were transformed.

Constraint Validation Runtime : Time (s): cpu = 00:00:00.04 ; elapsed = 00:00:00.03 . Memory (MB): peak = 2594.965 ; gain = 0.000 ; free physical = 2384 ; free virtual = 10367
INFO: [Designutils 20-5008] Incremental synthesis strategy off
---------------------------------------------------------------------------------
Finished Constraint Validation : Time (s): cpu = 00:00:19 ; elapsed = 00:00:19 . Memory (MB): peak = 2594.965 ; gain = 276.312 ; free physical = 2399 ; free virtual = 10389
---------------------------------------------------------------------------------
---------------------------------------------------------------------------------
Start Loading Part and Timing Information
---------------------------------------------------------------------------------
Loading part: xck26-sfvc784-2LV-c
INFO: [Synth 8-6742] Reading net delay rules and data
---------------------------------------------------------------------------------
Finished Loading Part and Timing Information : Time (s): cpu = 00:00:19 ; elapsed = 00:00:19 . Memory (MB): peak = 2602.969 ; gain = 284.316 ; free physical = 2399 ; free virtual = 10389
---------------------------------------------------------------------------------
---------------------------------------------------------------------------------
Start Applying 'set_property' XDC Constraints
---------------------------------------------------------------------------------
Applied set_property KEEP_HIERARCHY = SOFT for inst. (constraint file  /home/emanuel/workspace/mesh_vo/MultiPlatformDiffRenderer/src/backends/xrt/hls/build/xclbin/_x/link/vivado/vpl/prj/prj.runs/system_axi_ic_zynq_ultra_ps_e_0_S_AXI_HP2_FPD_imp_m00_regslice_0_synth_1/dont_touch.xdc, line 9).
---------------------------------------------------------------------------------
Finished applying 'set_property' XDC Constraints : Time (s): cpu = 00:00:19 ; elapsed = 00:00:19 . Memory (MB): peak = 2602.969 ; gain = 284.316 ; free physical = 2399 ; free virtual = 10389
---------------------------------------------------------------------------------
---------------------------------------------------------------------------------
Finished RTL Optimization Phase 2 : Time (s): cpu = 00:00:19 ; elapsed = 00:00:20 . Memory (MB): peak = 2602.969 ; gain = 284.316 ; free physical = 2399 ; free virtual = 10390
---------------------------------------------------------------------------------
---------------------------------------------------------------------------------
Start RTL Component Statistics 
---------------------------------------------------------------------------------
Detailed RTL Component Info : 
+---Registers : 
	              145 Bit    Registers := 2     
	              134 Bit    Registers := 2     
	               81 Bit    Registers := 2     
	                5 Bit    Registers := 1     
	                2 Bit    Registers := 5     
	                1 Bit    Registers := 10    
+---Muxes : 
	   2 Input  145 Bit        Muxes := 2     
	   2 Input  134 Bit        Muxes := 2     
	   2 Input    1 Bit        Muxes := 6     
---------------------------------------------------------------------------------
Finished RTL Component Statistics 
---------------------------------------------------------------------------------
---------------------------------------------------------------------------------
Start Part Resource Summary
---------------------------------------------------------------------------------
Part Resources:
DSPs: 1248 (col length:96)
BRAMs: 288 (col length: RAMB18 96 RAMB36 48)
---------------------------------------------------------------------------------
Finished Part Resource Summary
---------------------------------------------------------------------------------
---------------------------------------------------------------------------------
Start Cross Boundary and Area Optimization
---------------------------------------------------------------------------------
WARNING: [Synth 8-7080] Parallel synthesis criteria is not met
WARNING: [Synth 8-7129] Port aclk2x in module axi_register_slice_v2_1_33_axi_register_slice is either unconnected or has no load
WARNING: [Synth 8-7129] Port s_axi_awuser[0] in module axi_register_slice_v2_1_33_axi_register_slice is either unconnected or has no load
WARNING: [Synth 8-7129] Port s_axi_wid[2] in module axi_register_slice_v2_1_33_axi_register_slice is either unconnected or has no load
WARNING: [Synth 8-7129] Port s_axi_wid[1] in module axi_register_slice_v2_1_33_axi_register_slice is either unconnected or has no load
WARNING: [Synth 8-7129] Port s_axi_wid[0] in module axi_register_slice_v2_1_33_axi_register_slice is either unconnected or has no load
WARNING: [Synth 8-7129] Port s_axi_wuser[0] in module axi_register_slice_v2_1_33_axi_register_slice is either unconnected or has no load
WARNING: [Synth 8-7129] Port s_axi_aruser[0] in module axi_register_slice_v2_1_33_axi_register_slice is either unconnected or has no load
WARNING: [Synth 8-7129] Port m_axi_buser[0] in module axi_register_slice_v2_1_33_axi_register_slice is either unconnected or has no load
WARNING: [Synth 8-7129] Port m_axi_ruser[0] in module axi_register_slice_v2_1_33_axi_register_slice is either unconnected or has no load
---------------------------------------------------------------------------------
Finished Cross Boundary and Area Optimization : Time (s): cpu = 00:00:21 ; elapsed = 00:00:21 . Memory (MB): peak = 2602.969 ; gain = 284.316 ; free physical = 2406 ; free virtual = 10397
---------------------------------------------------------------------------------
---------------------------------------------------------------------------------
Start Applying XDC Timing Constraints
---------------------------------------------------------------------------------
---------------------------------------------------------------------------------
Finished Applying XDC Timing Constraints : Time (s): cpu = 00:00:33 ; elapsed = 00:00:33 . Memory (MB): peak = 3196.160 ; gain = 877.508 ; free physical = 3792 ; free virtual = 11787
---------------------------------------------------------------------------------
---------------------------------------------------------------------------------
Start Timing Optimization
---------------------------------------------------------------------------------
---------------------------------------------------------------------------------
Finished Timing Optimization : Time (s): cpu = 00:00:33 ; elapsed = 00:00:33 . Memory (MB): peak = 3207.176 ; gain = 888.523 ; free physical = 3761 ; free virtual = 11756
---------------------------------------------------------------------------------
---------------------------------------------------------------------------------
Start Technology Mapping
---------------------------------------------------------------------------------
---------------------------------------------------------------------------------
Finished Technology Mapping : Time (s): cpu = 00:00:33 ; elapsed = 00:00:34 . Memory (MB): peak = 3220.199 ; gain = 901.547 ; free physical = 3618 ; free virtual = 11613
---------------------------------------------------------------------------------
---------------------------------------------------------------------------------
Start IO Insertion
---------------------------------------------------------------------------------
---------------------------------------------------------------------------------
Start Flattening Before IO Insertion
---------------------------------------------------------------------------------
---------------------------------------------------------------------------------
Finished Flattening Before IO Insertion
---------------------------------------------------------------------------------
---------------------------------------------------------------------------------
Start Final Netlist Cleanup
---------------------------------------------------------------------------------
---------------------------------------------------------------------------------
Finished Final Netlist Cleanup
---------------------------------------------------------------------------------
---------------------------------------------------------------------------------
Finished IO Insertion : Time (s): cpu = 00:00:37 ; elapsed = 00:00:38 . Memory (MB): peak = 3370.012 ; gain = 1051.359 ; free physical = 2608 ; free virtual = 10593
---------------------------------------------------------------------------------
---------------------------------------------------------------------------------
Start Renaming Generated Instances
---------------------------------------------------------------------------------
---------------------------------------------------------------------------------
Finished Renaming Generated Instances : Time (s): cpu = 00:00:37 ; elapsed = 00:00:38 . Memory (MB): peak = 3370.012 ; gain = 1051.359 ; free physical = 2608 ; free virtual = 10593
---------------------------------------------------------------------------------
---------------------------------------------------------------------------------
Start Rebuilding User Hierarchy
---------------------------------------------------------------------------------
---------------------------------------------------------------------------------
Finished Rebuilding User Hierarchy : Time (s): cpu = 00:00:38 ; elapsed = 00:00:38 . Memory (MB): peak = 3370.012 ; gain = 1051.359 ; free physical = 2608 ; free virtual = 10593
---------------------------------------------------------------------------------
---------------------------------------------------------------------------------
Start Renaming Generated Ports
---------------------------------------------------------------------------------
---------------------------------------------------------------------------------
Finished Renaming Generated Ports : Time (s): cpu = 00:00:38 ; elapsed = 00:00:38 . Memory (MB): peak = 3370.012 ; gain = 1051.359 ; free physical = 2608 ; free virtual = 10593
---------------------------------------------------------------------------------
---------------------------------------------------------------------------------
Start Handling Custom Attributes
---------------------------------------------------------------------------------
---------------------------------------------------------------------------------
Finished Handling Custom Attributes : Time (s): cpu = 00:00:38 ; elapsed = 00:00:38 . Memory (MB): peak = 3370.012 ; gain = 1051.359 ; free physical = 2561 ; free virtual = 10546
---------------------------------------------------------------------------------
---------------------------------------------------------------------------------
Start Renaming Generated Nets
---------------------------------------------------------------------------------
---------------------------------------------------------------------------------
Finished Renaming Generated Nets : Time (s): cpu = 00:00:38 ; elapsed = 00:00:38 . Memory (MB): peak = 3370.012 ; gain = 1051.359 ; free physical = 2557 ; free virtual = 10542
---------------------------------------------------------------------------------
---------------------------------------------------------------------------------
Start Writing Synthesis Report
---------------------------------------------------------------------------------

Report BlackBoxes: 
+-+--------------+----------+
| |BlackBox name |Instances |
+-+--------------+----------+
+-+--------------+----------+

Report Cell Usage: 
+------+-----+------+
|      |Cell |Count |
+------+-----+------+
|1     |LUT1 |     6|
|2     |LUT2 |     2|
|3     |LUT3 |   282|
|4     |LUT4 |     7|
|5     |FDRE |   737|
+------+-----+------+
---------------------------------------------------------------------------------
Finished Writing Synthesis Report : Time (s): cpu = 00:00:38 ; elapsed = 00:00:38 . Memory (MB): peak = 3370.012 ; gain = 1051.359 ; free physical = 2541 ; free virtual = 10526
---------------------------------------------------------------------------------
Synthesis finished with 0 errors, 0 critical warnings and 10 warnings.
Synthesis Optimization Runtime : Time (s): cpu = 00:00:31 ; elapsed = 00:00:32 . Memory (MB): peak = 3370.012 ; gain = 985.609 ; free physical = 2449 ; free virtual = 10434
Synthesis Optimization Complete : Time (s): cpu = 00:00:38 ; elapsed = 00:00:39 . Memory (MB): peak = 3370.012 ; gain = 1051.359 ; free physical = 2449 ; free virtual = 10434
INFO: [Project 1-571] Translating synthesized netlist
Netlist sorting complete. Time (s): cpu = 00:00:00.01 ; elapsed = 00:00:00.02 . Memory (MB): peak = 3370.012 ; gain = 0.000 ; free physical = 2601 ; free virtual = 10586
INFO: [Project 1-570] Preparing netlist for logic optimization
INFO: [Opt 31-138] Pushed 0 inverter(s) to 0 load pin(s).
Netlist sorting complete. Time (s): cpu = 00:00:00 ; elapsed = 00:00:00 . Memory (MB): peak = 3370.012 ; gain = 0.000 ; free physical = 2455 ; free virtual = 10440
INFO: [Project 1-111] Unisim Transformation Summary:
No Unisim elements were transformed.

Synth Design complete | Checksum: 1f6c70f3
INFO: [Common 17-83] Releasing license: Synthesis
36 Infos, 19 Warnings, 0 Critical Warnings and 0 Errors encountered.
synth_design completed successfully
synth_design: Time (s): cpu = 00:00:48 ; elapsed = 00:00:46 . Memory (MB): peak = 3370.012 ; gain = 1986.906 ; free physical = 2439 ; free virtual = 10424
INFO: [Common 17-2834] synth_design peak Physical Memory [PSS] (MB): overall = 2365.200; main = 2365.200; forked = 202.833
INFO: [Common 17-2834] synth_design peak Virtual Memory [VSS] (MB): overall = 3930.461; main = 3296.184; forked = 917.117
Write ShapeDB Complete: Time (s): cpu = 00:00:00 ; elapsed = 00:00:00 . Memory (MB): peak = 3370.012 ; gain = 0.000 ; free physical = 2439 ; free virtual = 10425
INFO: [Common 17-1381] The checkpoint '/home/emanuel/workspace/mesh_vo/MultiPlatformDiffRenderer/src/backends/xrt/hls/build/xclbin/_x/link/vivado/vpl/prj/prj.runs/system_axi_ic_zynq_ultra_ps_e_0_S_AXI_HP2_FPD_imp_m00_regslice_0_synth_1/system_axi_ic_zynq_ultra_ps_e_0_S_AXI_HP2_FPD_imp_m00_regslice_0.dcp' has been generated.
INFO: [Coretcl 2-1648] Added synthesis output to IP cache for IP system_axi_ic_zynq_ultra_ps_e_0_S_AXI_HP2_FPD_imp_m00_regslice_0, cache-ID = 0efd8b618c751939
INFO: [Coretcl 2-1174] Renamed 6 cell refs.
Write ShapeDB Complete: Time (s): cpu = 00:00:00 ; elapsed = 00:00:00 . Memory (MB): peak = 3370.012 ; gain = 0.000 ; free physical = 2369 ; free virtual = 10357
INFO: [Common 17-1381] The checkpoint '/home/emanuel/workspace/mesh_vo/MultiPlatformDiffRenderer/src/backends/xrt/hls/build/xclbin/_x/link/vivado/vpl/prj/prj.runs/system_axi_ic_zynq_ultra_ps_e_0_S_AXI_HP2_FPD_imp_m00_regslice_0_synth_1/system_axi_ic_zynq_ultra_ps_e_0_S_AXI_HP2_FPD_imp_m00_regslice_0.dcp' has been generated.
INFO: [Vivado 12-24828] Executing command : report_utilization -file system_axi_ic_zynq_ultra_ps_e_0_S_AXI_HP2_FPD_imp_m00_regslice_0_utilization_synth.rpt -pb system_axi_ic_zynq_ultra_ps_e_0_S_AXI_HP2_FPD_imp_m00_regslice_0_utilization_synth.pb
INFO: [Common 17-206] Exiting Vivado at Thu Jan 22 12:37:42 2026...
