
*** Running vivado
    with args -log system_axi_ic_zynq_ultra_ps_e_0_S_AXI_HP2_FPD_imp_auto_us_df_4.vds -m64 -product Vivado -mode batch -messageDb vivado.pb -notrace -source system_axi_ic_zynq_ultra_ps_e_0_S_AXI_HP2_FPD_imp_auto_us_df_4.tcl


****** Vivado v2024.2 (64-bit)
  **** SW Build 5239630 on Fri Nov 08 22:34:34 MST 2024
  **** IP Build 5239520 on Sun Nov 10 16:12:51 MST 2024
  **** SharedData Build 5239561 on Fri Nov 08 14:39:27 MST 2024
  **** Start of session at: Thu Jan 22 12:37:02 2026
    ** Copyright 1986-2022 Xilinx, Inc. All Rights Reserved.
    ** Copyright 2022-2024 Advanced Micro Devices, Inc. All Rights Reserved.

source system_axi_ic_zynq_ultra_ps_e_0_S_AXI_HP2_FPD_imp_auto_us_df_4.tcl -notrace
INFO: Dispatch client connection id - 36697
INFO: [IP_Flow 19-234] Refreshing IP repositories
INFO: [IP_Flow 19-1700] Loaded user IP repository '/home/emanuel/workspace/mesh_vo/MultiPlatformDiffRenderer/src/backends/xrt/hls/build/xclbin/_x/link/int/xo/ip_repo/xilinx_com_hls_ImageRenderHLS_1_0'.
INFO: [IP_Flow 19-1700] Loaded user IP repository '/home/emanuel/workspace/mesh_vo/MultiPlatformDiffRenderer/src/backends/xrt/hls/build/xclbin/_x/link/vivado/vpl/.local/hw_platform/ipcache'.
INFO: [IP_Flow 19-1700] Loaded user IP repository '/tools/Xilinx/Vitis/2024.2/data/ip'.
INFO: [IP_Flow 19-2313] Loaded Vivado IP repository '/tools/Xilinx/Vivado/2024.2/data/ip'.
INFO: [IP_Flow 19-6924] IPCACHE: Running cache check for IP inst: system_axi_ic_zynq_ultra_ps_e_0_S_AXI_HP2_FPD_imp_auto_us_df_4
INFO: [IP_Flow 19-6922] IPCACHE: Exporting cached entry e00c8b0b07f647af to dir: /home/emanuel/workspace/mesh_vo/MultiPlatformDiffRenderer/src/backends/xrt/hls/build/xclbin/_x/link/vivado/vpl/prj/prj.runs/system_axi_ic_zynq_ultra_ps_e_0_S_AXI_HP2_FPD_imp_auto_us_df_4_synth_1
INFO: [IP_Flow 19-6928] IPCACHE: copied cached file /home/emanuel/workspace/mesh_vo/MultiPlatformDiffRenderer/src/backends/xrt/hls/build/xclbin/.ipcache/e/0/e00c8b0b07f647af/system_axi_ic_zynq_ultra_ps_e_0_S_AXI_HP2_FPD_imp_auto_us_df_3_stub.vhdl to /home/emanuel/workspace/mesh_vo/MultiPlatformDiffRenderer/src/backends/xrt/hls/build/xclbin/_x/link/vivado/vpl/prj/prj.runs/system_axi_ic_zynq_ultra_ps_e_0_S_AXI_HP2_FPD_imp_auto_us_df_4_synth_1/system_axi_ic_zynq_ultra_ps_e_0_S_AXI_HP2_FPD_imp_auto_us_df_4_stub.vhdl.
INFO: [IP_Flow 19-6928] IPCACHE: copied cached file /home/emanuel/workspace/mesh_vo/MultiPlatformDiffRenderer/src/backends/xrt/hls/build/xclbin/.ipcache/e/0/e00c8b0b07f647af/system_axi_ic_zynq_ultra_ps_e_0_S_AXI_HP2_FPD_imp_auto_us_df_3_sim_netlist.v to /home/emanuel/workspace/mesh_vo/MultiPlatformDiffRenderer/src/backends/xrt/hls/build/xclbin/_x/link/vivado/vpl/prj/prj.runs/system_axi_ic_zynq_ultra_ps_e_0_S_AXI_HP2_FPD_imp_auto_us_df_4_synth_1/system_axi_ic_zynq_ultra_ps_e_0_S_AXI_HP2_FPD_imp_auto_us_df_4_sim_netlist.v.
INFO: [IP_Flow 19-6928] IPCACHE: copied cached file /home/emanuel/workspace/mesh_vo/MultiPlatformDiffRenderer/src/backends/xrt/hls/build/xclbin/.ipcache/e/0/e00c8b0b07f647af/system_axi_ic_zynq_ultra_ps_e_0_S_AXI_HP2_FPD_imp_auto_us_df_3_sim_netlist.vhdl to /home/emanuel/workspace/mesh_vo/MultiPlatformDiffRenderer/src/backends/xrt/hls/build/xclbin/_x/link/vivado/vpl/prj/prj.runs/system_axi_ic_zynq_ultra_ps_e_0_S_AXI_HP2_FPD_imp_auto_us_df_4_synth_1/system_axi_ic_zynq_ultra_ps_e_0_S_AXI_HP2_FPD_imp_auto_us_df_4_sim_netlist.vhdl.
INFO: [IP_Flow 19-6928] IPCACHE: copied cached file /home/emanuel/workspace/mesh_vo/MultiPlatformDiffRenderer/src/backends/xrt/hls/build/xclbin/.ipcache/e/0/e00c8b0b07f647af/system_axi_ic_zynq_ultra_ps_e_0_S_AXI_HP2_FPD_imp_auto_us_df_3.dcp to /home/emanuel/workspace/mesh_vo/MultiPlatformDiffRenderer/src/backends/xrt/hls/build/xclbin/_x/link/vivado/vpl/prj/prj.runs/system_axi_ic_zynq_ultra_ps_e_0_S_AXI_HP2_FPD_imp_auto_us_df_4_synth_1/system_axi_ic_zynq_ultra_ps_e_0_S_AXI_HP2_FPD_imp_auto_us_df_4.dcp.
INFO: [IP_Flow 19-6928] IPCACHE: copied cached file /home/emanuel/workspace/mesh_vo/MultiPlatformDiffRenderer/src/backends/xrt/hls/build/xclbin/.ipcache/e/0/e00c8b0b07f647af/system_axi_ic_zynq_ultra_ps_e_0_S_AXI_HP2_FPD_imp_auto_us_df_3_stub.v to /home/emanuel/workspace/mesh_vo/MultiPlatformDiffRenderer/src/backends/xrt/hls/build/xclbin/_x/link/vivado/vpl/prj/prj.runs/system_axi_ic_zynq_ultra_ps_e_0_S_AXI_HP2_FPD_imp_auto_us_df_4_synth_1/system_axi_ic_zynq_ultra_ps_e_0_S_AXI_HP2_FPD_imp_auto_us_df_4_stub.v.
INFO: [IP_Flow 19-4838] Using cached IP synthesis design for IP system_axi_ic_zynq_ultra_ps_e_0_S_AXI_HP2_FPD_imp_auto_us_df_4, cache-ID = e00c8b0b07f647af.
INFO: [Common 17-206] Exiting Vivado at Thu Jan 22 12:37:11 2026...
